Archive member included because of file (symbol)

c:/stm32f0-discovery_tools/gcc-arm-none-eabi/bin/../lib/gcc/arm-none-eabi/4.7.4/armv6-m\libgcc.a(_udivsi3.o)
                              ./src/main.o (__aeabi_uidiv)
c:/stm32f0-discovery_tools/gcc-arm-none-eabi/bin/../lib/gcc/arm-none-eabi/4.7.4/armv6-m\libgcc.a(_dvmd_tls.o)
                              c:/stm32f0-discovery_tools/gcc-arm-none-eabi/bin/../lib/gcc/arm-none-eabi/4.7.4/armv6-m\libgcc.a(_udivsi3.o) (__aeabi_idiv0)
c:/stm32f0-discovery_tools/gcc-arm-none-eabi/bin/../lib/gcc/arm-none-eabi/4.7.4/../../../../arm-none-eabi/lib/armv6-m\libg.a(lib_a-__atexit.o)
                              c:/stm32f0-discovery_tools/gcc-arm-none-eabi/bin/../lib/gcc/arm-none-eabi/4.7.4/../../../../arm-none-eabi/lib/armv6-m/crt0.o (__register_exitproc)
c:/stm32f0-discovery_tools/gcc-arm-none-eabi/bin/../lib/gcc/arm-none-eabi/4.7.4/../../../../arm-none-eabi/lib/armv6-m\libg.a(lib_a-exit.o)
                              c:/stm32f0-discovery_tools/gcc-arm-none-eabi/bin/../lib/gcc/arm-none-eabi/4.7.4/../../../../arm-none-eabi/lib/armv6-m/crt0.o (exit)
c:/stm32f0-discovery_tools/gcc-arm-none-eabi/bin/../lib/gcc/arm-none-eabi/4.7.4/../../../../arm-none-eabi/lib/armv6-m\libg.a(lib_a-fini.o)
                              c:/stm32f0-discovery_tools/gcc-arm-none-eabi/bin/../lib/gcc/arm-none-eabi/4.7.4/../../../../arm-none-eabi/lib/armv6-m/crt0.o (__libc_fini_array)
c:/stm32f0-discovery_tools/gcc-arm-none-eabi/bin/../lib/gcc/arm-none-eabi/4.7.4/../../../../arm-none-eabi/lib/armv6-m\libg.a(lib_a-impure.o)
                              c:/stm32f0-discovery_tools/gcc-arm-none-eabi/bin/../lib/gcc/arm-none-eabi/4.7.4/../../../../arm-none-eabi/lib/armv6-m\libg.a(lib_a-__atexit.o) (_global_impure_ptr)
c:/stm32f0-discovery_tools/gcc-arm-none-eabi/bin/../lib/gcc/arm-none-eabi/4.7.4/../../../../arm-none-eabi/lib/armv6-m\libg.a(lib_a-init.o)
                              c:/stm32f0-discovery_tools/gcc-arm-none-eabi/bin/../lib/gcc/arm-none-eabi/4.7.4/../../../../arm-none-eabi/lib/armv6-m/crt0.o (__libc_init_array)
c:/stm32f0-discovery_tools/gcc-arm-none-eabi/bin/../lib/gcc/arm-none-eabi/4.7.4/../../../../arm-none-eabi/lib/armv6-m\libg.a(lib_a-memset.o)
                              c:/stm32f0-discovery_tools/gcc-arm-none-eabi/bin/../lib/gcc/arm-none-eabi/4.7.4/../../../../arm-none-eabi/lib/armv6-m/crt0.o (memset)
c:/stm32f0-discovery_tools/gcc-arm-none-eabi/bin/../lib/gcc/arm-none-eabi/4.7.4/../../../../arm-none-eabi/lib/armv6-m\libg.a(lib_a-__call_atexit.o)
                              c:/stm32f0-discovery_tools/gcc-arm-none-eabi/bin/../lib/gcc/arm-none-eabi/4.7.4/../../../../arm-none-eabi/lib/armv6-m\libg.a(lib_a-exit.o) (__call_exitprocs)

Discarded input sections

 .text          0x00000000        0x0 c:/stm32f0-discovery_tools/gcc-arm-none-eabi/bin/../lib/gcc/arm-none-eabi/4.7.4/armv6-m/crti.o
 .data          0x00000000        0x0 c:/stm32f0-discovery_tools/gcc-arm-none-eabi/bin/../lib/gcc/arm-none-eabi/4.7.4/armv6-m/crti.o
 .bss           0x00000000        0x0 c:/stm32f0-discovery_tools/gcc-arm-none-eabi/bin/../lib/gcc/arm-none-eabi/4.7.4/armv6-m/crti.o
 .text          0x00000000       0x60 c:/stm32f0-discovery_tools/gcc-arm-none-eabi/bin/../lib/gcc/arm-none-eabi/4.7.4/armv6-m/crtbegin.o
 .data          0x00000000        0x4 c:/stm32f0-discovery_tools/gcc-arm-none-eabi/bin/../lib/gcc/arm-none-eabi/4.7.4/armv6-m/crtbegin.o
 .bss           0x00000000       0x1c c:/stm32f0-discovery_tools/gcc-arm-none-eabi/bin/../lib/gcc/arm-none-eabi/4.7.4/armv6-m/crtbegin.o
 .init_array    0x00000000        0x4 c:/stm32f0-discovery_tools/gcc-arm-none-eabi/bin/../lib/gcc/arm-none-eabi/4.7.4/armv6-m/crtbegin.o
 .fini_array    0x00000000        0x4 c:/stm32f0-discovery_tools/gcc-arm-none-eabi/bin/../lib/gcc/arm-none-eabi/4.7.4/armv6-m/crtbegin.o
 .eh_frame      0x00000000        0x0 c:/stm32f0-discovery_tools/gcc-arm-none-eabi/bin/../lib/gcc/arm-none-eabi/4.7.4/armv6-m/crtbegin.o
 .jcr           0x00000000        0x0 c:/stm32f0-discovery_tools/gcc-arm-none-eabi/bin/../lib/gcc/arm-none-eabi/4.7.4/armv6-m/crtbegin.o
 .comment       0x00000000       0x6b c:/stm32f0-discovery_tools/gcc-arm-none-eabi/bin/../lib/gcc/arm-none-eabi/4.7.4/armv6-m/crtbegin.o
 .ARM.attributes
                0x00000000       0x2c c:/stm32f0-discovery_tools/gcc-arm-none-eabi/bin/../lib/gcc/arm-none-eabi/4.7.4/armv6-m/crtbegin.o
 .text          0x00000000       0x74 c:/stm32f0-discovery_tools/gcc-arm-none-eabi/bin/../lib/gcc/arm-none-eabi/4.7.4/../../../../arm-none-eabi/lib/armv6-m/crt0.o
 .data          0x00000000        0x0 c:/stm32f0-discovery_tools/gcc-arm-none-eabi/bin/../lib/gcc/arm-none-eabi/4.7.4/../../../../arm-none-eabi/lib/armv6-m/crt0.o
 .bss           0x00000000        0x0 c:/stm32f0-discovery_tools/gcc-arm-none-eabi/bin/../lib/gcc/arm-none-eabi/4.7.4/../../../../arm-none-eabi/lib/armv6-m/crt0.o
[...]
Memory Configuration

Name             Origin             Length             Attributes
FLASH            0x08000000         0x00010000         xr
RAM              0x20000000         0x00002000         xrw
*default*        0x00000000         0xffffffff

Linker script and memory map

LOAD c:/stm32f0-discovery_tools/gcc-arm-none-eabi/bin/../lib/gcc/arm-none-eabi/4.7.4/armv6-m/crti.o
LOAD c:/stm32f0-discovery_tools/gcc-arm-none-eabi/bin/../lib/gcc/arm-none-eabi/4.7.4/armv6-m/crtbegin.o
LOAD c:/stm32f0-discovery_tools/gcc-arm-none-eabi/bin/../lib/gcc/arm-none-eabi/4.7.4/../../../../arm-none-eabi/lib/armv6-m/crt0.o
LOAD ./src/main.o
LOAD ./Libraries/STM32F0xx_StdPeriph_Driver/src/stm32f0xx_adc.o
LOAD ./Libraries/STM32F0xx_StdPeriph_Driver/src/stm32f0xx_cec.o
LOAD ./Libraries/STM32F0xx_StdPeriph_Driver/src/stm32f0xx_comp.o
LOAD ./Libraries/STM32F0xx_StdPeriph_Driver/src/stm32f0xx_crc.o
LOAD ./Libraries/STM32F0xx_StdPeriph_Driver/src/stm32f0xx_dac.o
LOAD ./Libraries/STM32F0xx_StdPeriph_Driver/src/stm32f0xx_dbgmcu.o
LOAD ./Libraries/STM32F0xx_StdPeriph_Driver/src/stm32f0xx_dma.o
LOAD ./Libraries/STM32F0xx_StdPeriph_Driver/src/stm32f0xx_exti.o
LOAD ./Libraries/STM32F0xx_StdPeriph_Driver/src/stm32f0xx_flash.o
LOAD ./Libraries/STM32F0xx_StdPeriph_Driver/src/stm32f0xx_gpio.o
LOAD ./Libraries/STM32F0xx_StdPeriph_Driver/src/stm32f0xx_i2c.o
LOAD ./Libraries/STM32F0xx_StdPeriph_Driver/src/stm32f0xx_iwdg.o
LOAD ./Libraries/STM32F0xx_StdPeriph_Driver/src/stm32f0xx_misc.o
LOAD ./Libraries/STM32F0xx_StdPeriph_Driver/src/stm32f0xx_pwr.o
LOAD ./Libraries/STM32F0xx_StdPeriph_Driver/src/stm32f0xx_rcc.o
LOAD ./Libraries/STM32F0xx_StdPeriph_Driver/src/stm32f0xx_rtc.o
LOAD ./Libraries/STM32F0xx_StdPeriph_Driver/src/stm32f0xx_spi.o
LOAD ./Libraries/STM32F0xx_StdPeriph_Driver/src/stm32f0xx_syscfg.o
LOAD ./Libraries/STM32F0xx_StdPeriph_Driver/src/stm32f0xx_tim.o
LOAD ./Libraries/STM32F0xx_StdPeriph_Driver/src/stm32f0xx_usart.o
LOAD ./Libraries/STM32F0xx_StdPeriph_Driver/src/stm32f0xx_wwdg.o
LOAD ./Libraries/CMSIS/Device/ST/STM32F0xx/Source/Templates/system_stm32f0xx.o
LOAD ./Device/startup_stm32f0xx.o
START GROUP
LOAD c:/stm32f0-discovery_tools/gcc-arm-none-eabi/bin/../lib/gcc/arm-none-eabi/4.7.4/armv6-m\libgcc.a
LOAD c:/stm32f0-discovery_tools/gcc-arm-none-eabi/bin/../lib/gcc/arm-none-eabi/4.7.4/../../../../arm-none-eabi/lib/armv6-m\libg.a
LOAD c:/stm32f0-discovery_tools/gcc-arm-none-eabi/bin/../lib/gcc/arm-none-eabi/4.7.4/../../../../arm-none-eabi/lib/armv6-m\libc.a
END GROUP
LOAD c:/stm32f0-discovery_tools/gcc-arm-none-eabi/bin/../lib/gcc/arm-none-eabi/4.7.4/armv6-m/crtend.o
LOAD c:/stm32f0-discovery_tools/gcc-arm-none-eabi/bin/../lib/gcc/arm-none-eabi/4.7.4/armv6-m/crtn.o
                0x20002000                _estack = 0x20002000

.isr_vector     0x08000000       0xc4
                0x08000000                . = ALIGN (0x4)
 *(.isr_vector)
 .isr_vector    0x08000000       0xc4 ./Device/startup_stm32f0xx.o
                0x08000000                g_pfnVectors
                0x080000c4                . = ALIGN (0x4)

.text           0x080000c4      0x4b0
                0x080000c4                . = ALIGN (0x4)
 *(.text)
 .text          0x080000c4       0x9c c:/stm32f0-discovery_tools/gcc-arm-none-eabi/bin/../lib/gcc/arm-none-eabi/4.7.4/armv6-m\libgcc.a(_udivsi3.o)
                0x080000c4                __aeabi_uidiv
                0x080000c4                __udivsi3
                0x0800014c                __aeabi_uidivmod
 .text          0x08000160        0x4 c:/stm32f0-discovery_tools/gcc-arm-none-eabi/bin/../lib/gcc/arm-none-eabi/4.7.4/armv6-m\libgcc.a(_dvmd_tls.o)
                0x08000160                __aeabi_idiv0
                0x08000160                __aeabi_ldiv0
 *(.text.*)
 .text.NVIC_SetPriority
                0x08000164       0xe0 ./src/main.o
 .text.SysTick_Config
                0x08000244       0x4c ./src/main.o
 .text.SysTick_Handler
                0x08000290       0x3c ./src/main.o
                0x08000290                SysTick_Handler
 .text.main     0x080002cc       0x3c ./src/main.o
                0x080002cc                main
 .text.SystemInit
                0x08000308       0x8c ./Libraries/CMSIS/Device/ST/STM32F0xx/Source/Templates/system_stm32f0xx.o
                0x08000308                SystemInit
 .text.SetSysClock
                0x08000394       0xe0 ./Libraries/CMSIS/Device/ST/STM32F0xx/Source/Templates/system_stm32f0xx.o
 .text.Reset_Handler
                0x08000474       0x54 ./Device/startup_stm32f0xx.o
                0x08000474                Reset_Handler
                0x080004aa                _exit
 .text.Default_Handler
                0x080004c8        0x2 ./Device/startup_stm32f0xx.o
                0x080004c8                TIM1_CC_IRQHandler
                0x080004c8                HardFault_Handler
                0x080004c8                ADC1_COMP_IRQHandler
                0x080004c8                PVD_IRQHandler
                0x080004c8                PendSV_Handler
                0x080004c8                NMI_Handler
                0x080004c8                I2C1_IRQHandler
                0x080004c8                SPI1_IRQHandler
                0x080004c8                TIM6_DAC_IRQHandler
                0x080004c8                EXTI2_3_IRQHandler
                0x080004c8                I2C2_IRQHandler
                0x080004c8                TIM17_IRQHandler
                0x080004c8                RTC_IRQHandler
                0x080004c8                TIM16_IRQHandler
                0x080004c8                TIM3_IRQHandler
                0x080004c8                EXTI4_15_IRQHandler
                0x080004c8                RCC_IRQHandler
                0x080004c8                DMA1_Channel1_IRQHandler
                0x080004c8                Default_Handler
                0x080004c8                CEC_IRQHandler
                0x080004c8                TIM14_IRQHandler
                0x080004c8                DMA1_Channel4_5_IRQHandler
                0x080004c8                TIM15_IRQHandler
                0x080004c8                EXTI0_1_IRQHandler
                0x080004c8                SPI2_IRQHandler
                0x080004c8                SVC_Handler
                0x080004c8                TS_IRQHandler
                0x080004c8                WWDG_IRQHandler
                0x080004c8                TIM2_IRQHandler
                0x080004c8                DMA1_Channel2_3_IRQHandler
                0x080004c8                USART2_IRQHandler
                0x080004c8                FLASH_IRQHandler
                0x080004c8                USART1_IRQHandler
                0x080004c8                TIM1_BRK_UP_TRG_COM_IRQHandler
 *fill*         0x080004ca        0x2 
 .text.__libc_init_array
                0x080004cc       0x90 c:/stm32f0-discovery_tools/gcc-arm-none-eabi/bin/../lib/gcc/arm-none-eabi/4.7.4/../../../../arm-none-eabi/lib/armv6-m\libg.a(lib_a-init.o)
                0x080004cc                __libc_init_array
 *(.rodata)
 *(.rodata*)
 *(.glue_7)
 .glue_7        0x00000000        0x0 linker stubs
 *(.glue_7t)
 .glue_7t       0x00000000        0x0 linker stubs
 *(.init)
 .init          0x0800055c        0x4 c:/stm32f0-discovery_tools/gcc-arm-none-eabi/bin/../lib/gcc/arm-none-eabi/4.7.4/armv6-m/crti.o
                0x0800055c                _init
 .init          0x08000560        0x8 c:/stm32f0-discovery_tools/gcc-arm-none-eabi/bin/../lib/gcc/arm-none-eabi/4.7.4/armv6-m/crtn.o
 *(.fini)
 .fini          0x08000568        0x4 c:/stm32f0-discovery_tools/gcc-arm-none-eabi/bin/../lib/gcc/arm-none-eabi/4.7.4/armv6-m/crti.o
                0x08000568                _fini
 .fini          0x0800056c        0x8 c:/stm32f0-discovery_tools/gcc-arm-none-eabi/bin/../lib/gcc/arm-none-eabi/4.7.4/armv6-m/crtn.o
                0x08000574                . = ALIGN (0x4)
                0x08000574                _etext = .
                0x08000574                _sidata = _etext

.vfp11_veneer   0x08000574        0x0
 .vfp11_veneer  0x00000000        0x0 linker stubs

.v4_bx          0x08000574        0x0
 .v4_bx         0x00000000        0x0 linker stubs

.iplt           0x08000574        0x0
 .iplt          0x00000000        0x0 c:/stm32f0-discovery_tools/gcc-arm-none-eabi/bin/../lib/gcc/arm-none-eabi/4.7.4/armv6-m/crtbegin.o

.rel.dyn        0x08000574        0x0
 .rel.iplt      0x00000000        0x0 c:/stm32f0-discovery_tools/gcc-arm-none-eabi/bin/../lib/gcc/arm-none-eabi/4.7.4/armv6-m/crtbegin.o

.data           0x20000000        0x4 load address 0x08000574
                0x20000000                . = ALIGN (0x4)
                0x20000000                _sdata = .
                0x20000000                _data = .
 *(.data)
 *(.data.*)
 .data.SystemCoreClock
                0x20000000        0x4 ./Libraries/CMSIS/Device/ST/STM32F0xx/Source/Templates/system_stm32f0xx.o
                0x20000000                SystemCoreClock
 *(.RAMtext)
                0x20000004                . = ALIGN (0x4)
                0x20000004                _edata = .

.igot.plt       0x20000004        0x0 load address 0x08000578
 .igot.plt      0x00000000        0x0 c:/stm32f0-discovery_tools/gcc-arm-none-eabi/bin/../lib/gcc/arm-none-eabi/4.7.4/armv6-m/crtbegin.o

.bss            0x20000004        0x4 load address 0x08000578
                0x20000004                . = ALIGN (0x4)
                0x20000004                _sbss = .
                0x20000004                _bss = .
 *(.bss)
 *(.bss.*)
 .bss.tick.6066
                0x20000004        0x2 ./src/main.o
 *(COMMON)
                0x20000008                . = ALIGN (0x4)
 *fill*         0x20000006        0x2 
                0x20000008                _ebss = .
                0x20000008                PROVIDE (end, _ebss)
                0x20000008                PROVIDE (_end, _ebss)
                0x20000004                PROVIDE (__bss_start__, _sbss)
                0x20000008                PROVIDE (__bss_end__, _ebss)
                0x20000008                __exidx_start = .
                0x20000008                __exidx_end = .

/DISCARD/
 libc.a(*)
 libm.a(*)
 libgcc.a(*)

.stab
 *(.stab)

.stabstr
 *(.stabstr)

.stab.excl
 *(.stab.excl)

.stab.exclstr
 *(.stab.exclstr)

.stab.index
 *(.stab.index)

.stab.indexstr
 *(.stab.indexstr)

.comment        0x00000000       0x6a
 *(.comment)
 .comment       0x00000000       0x6a ./src/main.o
                                 0x6b (size before relaxing)
 .comment       0x00000000       0x6b ./Libraries/CMSIS/Device/ST/STM32F0xx/Source/Templates/system_stm32f0xx.o
 .comment       0x00000000       0x6b c:/stm32f0-discovery_tools/gcc-arm-none-eabi/bin/../lib/gcc/arm-none-eabi/4.7.4/../../../../arm-none-eabi/lib/armv6-m\libg.a(lib_a-init.o)

.ARM.attributes
                0x00000000       0x28
 .ARM.attributes
                0x00000000       0x1e c:/stm32f0-discovery_tools/gcc-arm-none-eabi/bin/../lib/gcc/arm-none-eabi/4.7.4/armv6-m/crti.o
 .ARM.attributes
                0x0000001e       0x31 ./src/main.o
 .ARM.attributes
                0x0000004f       0x31 ./Libraries/CMSIS/Device/ST/STM32F0xx/Source/Templates/system_stm32f0xx.o
 .ARM.attributes
                0x00000080       0x21 ./Device/startup_stm32f0xx.o
 .ARM.attributes
                0x000000a1       0x1e c:/stm32f0-discovery_tools/gcc-arm-none-eabi/bin/../lib/gcc/arm-none-eabi/4.7.4/armv6-m\libgcc.a(_udivsi3.o)
 .ARM.attributes
                0x000000bf       0x1e c:/stm32f0-discovery_tools/gcc-arm-none-eabi/bin/../lib/gcc/arm-none-eabi/4.7.4/armv6-m\libgcc.a(_dvmd_tls.o)
 .ARM.attributes
                0x000000dd       0x2c c:/stm32f0-discovery_tools/gcc-arm-none-eabi/bin/../lib/gcc/arm-none-eabi/4.7.4/../../../../arm-none-eabi/lib/armv6-m\libg.a(lib_a-init.o)
 .ARM.attributes
                0x00000109       0x1e c:/stm32f0-discovery_tools/gcc-arm-none-eabi/bin/../lib/gcc/arm-none-eabi/4.7.4/armv6-m/crtn.o

.debug
 *(.debug)

.line
 *(.line)

.debug_srcinfo
 *(.debug_srcinfo)

.debug_sfnames
 *(.debug_sfnames)

.debug_aranges  0x00000000       0xf0
 *(.debug_aranges)
 .debug_aranges
                0x00000000       0x38 ./src/main.o
 .debug_aranges
                0x00000038       0x30 ./Libraries/CMSIS/Device/ST/STM32F0xx/Source/Templates/system_stm32f0xx.o
 .debug_aranges
                0x00000068       0x28 ./Device/startup_stm32f0xx.o
 .debug_aranges
                0x00000090       0x20 c:/stm32f0-discovery_tools/gcc-arm-none-eabi/bin/../lib/gcc/arm-none-eabi/4.7.4/armv6-m\libgcc.a(_udivsi3.o)
 .debug_aranges
                0x000000b0       0x20 c:/stm32f0-discovery_tools/gcc-arm-none-eabi/bin/../lib/gcc/arm-none-eabi/4.7.4/armv6-m\libgcc.a(_dvmd_tls.o)
 .debug_aranges
                0x000000d0       0x20 c:/stm32f0-discovery_tools/gcc-arm-none-eabi/bin/../lib/gcc/arm-none-eabi/4.7.4/../../../../arm-none-eabi/lib/armv6-m\libg.a(lib_a-init.o)

.debug_pubnames
 *(.debug_pubnames)

.debug_info     0x00000000      0xc77
 *(.debug_info .gnu.linkonce.wi.*)
 .debug_info    0x00000000      0x623 ./src/main.o
 .debug_info    0x00000623      0x317 ./Libraries/CMSIS/Device/ST/STM32F0xx/Source/Templates/system_stm32f0xx.o
 .debug_info    0x0000093a       0x81 ./Device/startup_stm32f0xx.o
 .debug_info    0x000009bb       0xcf c:/stm32f0-discovery_tools/gcc-arm-none-eabi/bin/../lib/gcc/arm-none-eabi/4.7.4/armv6-m\libgcc.a(_udivsi3.o)
 .debug_info    0x00000a8a       0xcf c:/stm32f0-discovery_tools/gcc-arm-none-eabi/bin/../lib/gcc/arm-none-eabi/4.7.4/armv6-m\libgcc.a(_dvmd_tls.o)
 .debug_info    0x00000b59      0x11e c:/stm32f0-discovery_tools/gcc-arm-none-eabi/bin/../lib/gcc/arm-none-eabi/4.7.4/../../../../arm-none-eabi/lib/armv6-m\libg.a(lib_a-init.o)

.debug_abbrev   0x00000000      0x389
 *(.debug_abbrev)
 .debug_abbrev  0x00000000      0x14e ./src/main.o
 .debug_abbrev  0x0000014e      0x13b ./Libraries/CMSIS/Device/ST/STM32F0xx/Source/Templates/system_stm32f0xx.o
 .debug_abbrev  0x00000289       0x12 ./Device/startup_stm32f0xx.o
 .debug_abbrev  0x0000029b       0x14 c:/stm32f0-discovery_tools/gcc-arm-none-eabi/bin/../lib/gcc/arm-none-eabi/4.7.4/armv6-m\libgcc.a(_udivsi3.o)
 .debug_abbrev  0x000002af       0x14 c:/stm32f0-discovery_tools/gcc-arm-none-eabi/bin/../lib/gcc/arm-none-eabi/4.7.4/armv6-m\libgcc.a(_dvmd_tls.o)
 .debug_abbrev  0x000002c3       0xc6 c:/stm32f0-discovery_tools/gcc-arm-none-eabi/bin/../lib/gcc/arm-none-eabi/4.7.4/../../../../arm-none-eabi/lib/armv6-m\libg.a(lib_a-init.o)

.debug_line     0x00000000      0xf0c
 *(.debug_line)
 .debug_line    0x00000000      0x610 ./src/main.o
 .debug_line    0x00000610      0x652 ./Libraries/CMSIS/Device/ST/STM32F0xx/Source/Templates/system_stm32f0xx.o
 .debug_line    0x00000c62       0x81 ./Device/startup_stm32f0xx.o
 .debug_line    0x00000ce3       0x94 c:/stm32f0-discovery_tools/gcc-arm-none-eabi/bin/../lib/gcc/arm-none-eabi/4.7.4/armv6-m\libgcc.a(_udivsi3.o)
 .debug_line    0x00000d77       0x7c c:/stm32f0-discovery_tools/gcc-arm-none-eabi/bin/../lib/gcc/arm-none-eabi/4.7.4/armv6-m\libgcc.a(_dvmd_tls.o)
 .debug_line    0x00000df3      0x119 c:/stm32f0-discovery_tools/gcc-arm-none-eabi/bin/../lib/gcc/arm-none-eabi/4.7.4/../../../../arm-none-eabi/lib/armv6-m\libg.a(lib_a-init.o)

.debug_frame    0x00000000      0x148
 *(.debug_frame)
 .debug_frame   0x00000000       0x8c ./src/main.o
 .debug_frame   0x0000008c       0x6c ./Libraries/CMSIS/Device/ST/STM32F0xx/Source/Templates/system_stm32f0xx.o
 .debug_frame   0x000000f8       0x20 c:/stm32f0-discovery_tools/gcc-arm-none-eabi/bin/../lib/gcc/arm-none-eabi/4.7.4/armv6-m\libgcc.a(_udivsi3.o)
 .debug_frame   0x00000118       0x30 c:/stm32f0-discovery_tools/gcc-arm-none-eabi/bin/../lib/gcc/arm-none-eabi/4.7.4/../../../../arm-none-eabi/lib/armv6-m\libg.a(lib_a-init.o)

.debug_str      0x00000000    0x2ccf1
 *(.debug_str)
 .debug_str     0x00000000    0x2cb44 ./src/main.o
                              0x2cbf6 (size before relaxing)
 .debug_str     0x0002cb44       0xf1 ./Libraries/CMSIS/Device/ST/STM32F0xx/Source/Templates/system_stm32f0xx.o
                              0x2ca10 (size before relaxing)
 .debug_str     0x0002cc35       0xbc c:/stm32f0-discovery_tools/gcc-arm-none-eabi/bin/../lib/gcc/arm-none-eabi/4.7.4/../../../../arm-none-eabi/lib/armv6-m\libg.a(lib_a-init.o)
                                0x170 (size before relaxing)

.debug_loc      0x00000000      0x1c2
 *(.debug_loc)
 .debug_loc     0x00000000       0xc8 ./src/main.o
 .debug_loc     0x000000c8       0x9c ./Libraries/CMSIS/Device/ST/STM32F0xx/Source/Templates/system_stm32f0xx.o
 .debug_loc     0x00000164       0x5e c:/stm32f0-discovery_tools/gcc-arm-none-eabi/bin/../lib/gcc/arm-none-eabi/4.7.4/../../../../arm-none-eabi/lib/armv6-m\libg.a(lib_a-init.o)

.debug_macinfo
 *(.debug_macinfo)

.debug_weaknames
 *(.debug_weaknames)

.debug_funcnames
 *(.debug_funcnames)

.debug_typenames
 *(.debug_typenames)

.debug_varnames
 *(.debug_varnames)
OUTPUT(ST_Library_Template.elf elf32-littlearm)

.debug_ranges   0x00000000       0x78
 .debug_ranges  0x00000000       0x28 ./src/main.o
 .debug_ranges  0x00000028       0x20 ./Libraries/CMSIS/Device/ST/STM32F0xx/Source/Templates/system_stm32f0xx.o
 .debug_ranges  0x00000048       0x20 ./Device/startup_stm32f0xx.o
 .debug_ranges  0x00000068       0x10 c:/stm32f0-discovery_tools/gcc-arm-none-eabi/bin/../lib/gcc/arm-none-eabi/4.7.4/../../../../arm-none-eabi/lib/armv6-m\libg.a(lib_a-init.o)

.debug_macro    0x00000000     0x6c7d
 .debug_macro   0x00000000      0x178 ./src/main.o
 .debug_macro   0x00000178      0x7de ./src/main.o
 .debug_macro   0x00000956       0x75 ./src/main.o
 .debug_macro   0x000009cb       0x34 ./src/main.o
 .debug_macro   0x000009ff       0x3a ./src/main.o
 .debug_macro   0x00000a39       0x16 ./src/main.o
 .debug_macro   0x00000a4f       0x35 ./src/main.o
 .debug_macro   0x00000a84       0xa2 ./src/main.o
 .debug_macro   0x00000b26      0x20e ./src/main.o
 .debug_macro   0x00000d34      0x249 ./src/main.o
 .debug_macro   0x00000f7d     0x331f ./src/main.o
 .debug_macro   0x0000429c      0x2ce ./src/main.o
 .debug_macro   0x0000456a      0x191 ./src/main.o
 .debug_macro   0x000046fb       0x28 ./src/main.o
 .debug_macro   0x00004723       0xe7 ./src/main.o
 .debug_macro   0x0000480a       0x93 ./src/main.o
 .debug_macro   0x0000489d       0x70 ./src/main.o
 .debug_macro   0x0000490d      0x225 ./src/main.o
 .debug_macro   0x00004b32       0xb8 ./src/main.o
 .debug_macro   0x00004bea      0x16f ./src/main.o
 .debug_macro   0x00004d59      0x185 ./src/main.o
 .debug_macro   0x00004ede      0x123 ./src/main.o
 .debug_macro   0x00005001      0x2a0 ./src/main.o
 .debug_macro   0x000052a1       0x70 ./src/main.o
 .debug_macro   0x00005311       0xb2 ./src/main.o
 .debug_macro   0x000053c3      0x44c ./src/main.o
 .debug_macro   0x0000580f      0x455 ./src/main.o
 .debug_macro   0x00005c64      0x396 ./src/main.o
 .debug_macro   0x00005ffa      0x750 ./src/main.o
 .debug_macro   0x0000674a      0x34d ./src/main.o
 .debug_macro   0x00006a97       0x34 ./src/main.o
 .debug_macro   0x00006acb       0x3a ./src/main.o
 .debug_macro   0x00006b05      0x178 ./Libraries/CMSIS/Device/ST/STM32F0xx/Source/Templates/system_stm32f0xx.o
