Archive member included because of file (symbol)

c:/stm32f0-discovery_tools/gcc-arm-none-eabi/bin/../lib/gcc/arm-none-eabi/4.7.4/armv6-m\libgcc.a(_udivsi3.o)
                              ./Libraries/Utilities/utilities.o (__aeabi_uidiv)
c:/stm32f0-discovery_tools/gcc-arm-none-eabi/bin/../lib/gcc/arm-none-eabi/4.7.4/armv6-m\libgcc.a(_dvmd_tls.o)
                              c:/stm32f0-discovery_tools/gcc-arm-none-eabi/bin/../lib/gcc/arm-none-eabi/4.7.4/armv6-m\libgcc.a(_udivsi3.o) (__aeabi_idiv0)
c:/stm32f0-discovery_tools/gcc-arm-none-eabi/bin/../lib/gcc/arm-none-eabi/4.7.4/../../../../arm-none-eabi/lib/armv6-m\libg.a(lib_a-__atexit.o)
                              c:/stm32f0-discovery_tools/gcc-arm-none-eabi/bin/../lib/gcc/arm-none-eabi/4.7.4/../../../../arm-none-eabi/lib/armv6-m/crt0.o (__register_exitproc)
c:/stm32f0-discovery_tools/gcc-arm-none-eabi/bin/../lib/gcc/arm-none-eabi/4.7.4/../../../../arm-none-eabi/lib/armv6-m\libg.a(lib_a-exit.o)
                              c:/stm32f0-discovery_tools/gcc-arm-none-eabi/bin/../lib/gcc/arm-none-eabi/4.7.4/../../../../arm-none-eabi/lib/armv6-m/crt0.o (exit)
c:/stm32f0-discovery_tools/gcc-arm-none-eabi/bin/../lib/gcc/arm-none-eabi/4.7.4/../../../../arm-none-eabi/lib/armv6-m\libg.a(lib_a-fini.o)
                              c:/stm32f0-discovery_tools/gcc-arm-none-eabi/bin/../lib/gcc/arm-none-eabi/4.7.4/../../../../arm-none-eabi/lib/armv6-m/crt0.o (__libc_fini_array)
c:/stm32f0-discovery_tools/gcc-arm-none-eabi/bin/../lib/gcc/arm-none-eabi/4.7.4/../../../../arm-none-eabi/lib/armv6-m\libg.a(lib_a-impure.o)
                              c:/stm32f0-discovery_tools/gcc-arm-none-eabi/bin/../lib/gcc/arm-none-eabi/4.7.4/../../../../arm-none-eabi/lib/armv6-m\libg.a(lib_a-__atexit.o) (_global_impure_ptr)
c:/stm32f0-discovery_tools/gcc-arm-none-eabi/bin/../lib/gcc/arm-none-eabi/4.7.4/../../../../arm-none-eabi/lib/armv6-m\libg.a(lib_a-init.o)
                              c:/stm32f0-discovery_tools/gcc-arm-none-eabi/bin/../lib/gcc/arm-none-eabi/4.7.4/../../../../arm-none-eabi/lib/armv6-m/crt0.o (__libc_init_array)
c:/stm32f0-discovery_tools/gcc-arm-none-eabi/bin/../lib/gcc/arm-none-eabi/4.7.4/../../../../arm-none-eabi/lib/armv6-m\libg.a(lib_a-memset.o)
                              c:/stm32f0-discovery_tools/gcc-arm-none-eabi/bin/../lib/gcc/arm-none-eabi/4.7.4/../../../../arm-none-eabi/lib/armv6-m/crt0.o (memset)
c:/stm32f0-discovery_tools/gcc-arm-none-eabi/bin/../lib/gcc/arm-none-eabi/4.7.4/../../../../arm-none-eabi/lib/armv6-m\libg.a(lib_a-__call_atexit.o)
                              c:/stm32f0-discovery_tools/gcc-arm-none-eabi/bin/../lib/gcc/arm-none-eabi/4.7.4/../../../../arm-none-eabi/lib/armv6-m\libg.a(lib_a-exit.o) (__call_exitprocs)

Discarded input sections

 .group         0x00000000        0x8 ./src/main.o
 .group         0x00000000        0x8 ./src/main.o
 .group         0x00000000        0x8 ./src/main.o
 .group         0x00000000        0x8 ./src/main.o
 .group         0x00000000        0x8 ./src/main.o
 .group         0x00000000        0x8 ./src/main.o
 .group         0x00000000        0x8 ./src/main.o
 .group         0x00000000        0x8 ./src/main.o
 .group         0x00000000        0x8 ./src/main.o
 .group         0x00000000        0x8 ./src/main.o
 .group         0x00000000        0x8 ./src/main.o
 .group         0x00000000        0x8 ./src/main.o
 .group         0x00000000        0x8 ./src/main.o
 .group         0x00000000        0x8 ./src/main.o
 .group         0x00000000        0x8 ./src/main.o
 .group         0x00000000        0x8 ./src/main.o
 .group         0x00000000        0x8 ./src/main.o
 .group         0x00000000        0x8 ./src/main.o
 .group         0x00000000        0x8 ./src/main.o
 .group         0x00000000        0x8 ./src/main.o
 .group         0x00000000        0x8 ./src/main.o
 .group         0x00000000        0x8 ./src/main.o
 .group         0x00000000        0x8 ./src/main.o
 .group         0x00000000        0x8 ./src/main.o
 .group         0x00000000        0x8 ./src/main.o
 .group         0x00000000        0x8 ./src/main.o
 .group         0x00000000        0x8 ./src/main.o
 .group         0x00000000        0x8 ./src/main.o
 .group         0x00000000        0x8 ./src/main.o
 .group         0x00000000        0x8 ./src/main.o
 .group         0x00000000        0x8 ./src/main.o
 .group         0x00000000        0x8 ./src/main.o
 .group         0x00000000        0x8 ./src/main.o
 .group         0x00000000        0x8 ./Libraries/Utilities/stm32f0_discovery.o
 .group         0x00000000        0x8 ./Libraries/Utilities/stm32f0_discovery.o
 .group         0x00000000        0x8 ./Libraries/Utilities/stm32f0_discovery.o
 .group         0x00000000        0x8 ./Libraries/Utilities/stm32f0_discovery.o
 .group         0x00000000        0x8 ./Libraries/Utilities/stm32f0_discovery.o
 .group         0x00000000        0x8 ./Libraries/Utilities/stm32f0_discovery.o
 .group         0x00000000        0x8 ./Libraries/Utilities/stm32f0_discovery.o
[...]
Memory Configuration

Name             Origin             Length             Attributes
FLASH            0x08000000         0x00010000         xr
RAM              0x20000000         0x00002000         xrw
*default*        0x00000000         0xffffffff

Linker script and memory map

LOAD c:/stm32f0-discovery_tools/gcc-arm-none-eabi/bin/../lib/gcc/arm-none-eabi/4.7.4/armv6-m/crti.o
LOAD c:/stm32f0-discovery_tools/gcc-arm-none-eabi/bin/../lib/gcc/arm-none-eabi/4.7.4/armv6-m/crtbegin.o
LOAD c:/stm32f0-discovery_tools/gcc-arm-none-eabi/bin/../lib/gcc/arm-none-eabi/4.7.4/../../../../arm-none-eabi/lib/armv6-m/crt0.o
LOAD ./src/main.o
LOAD ./Libraries/Utilities/stm32f0_discovery.o
LOAD ./Libraries/Utilities/stm32f0xx_it.o
LOAD ./Libraries/Utilities/utilities.o
LOAD ./Libraries/STM32F0xx_StdPeriph_Driver/src/stm32f0xx_adc.o
LOAD ./Libraries/STM32F0xx_StdPeriph_Driver/src/stm32f0xx_cec.o
LOAD ./Libraries/STM32F0xx_StdPeriph_Driver/src/stm32f0xx_comp.o
LOAD ./Libraries/STM32F0xx_StdPeriph_Driver/src/stm32f0xx_crc.o
LOAD ./Libraries/STM32F0xx_StdPeriph_Driver/src/stm32f0xx_dac.o
LOAD ./Libraries/STM32F0xx_StdPeriph_Driver/src/stm32f0xx_dbgmcu.o
LOAD ./Libraries/STM32F0xx_StdPeriph_Driver/src/stm32f0xx_dma.o
LOAD ./Libraries/STM32F0xx_StdPeriph_Driver/src/stm32f0xx_exti.o
LOAD ./Libraries/STM32F0xx_StdPeriph_Driver/src/stm32f0xx_flash.o
LOAD ./Libraries/STM32F0xx_StdPeriph_Driver/src/stm32f0xx_gpio.o
LOAD ./Libraries/STM32F0xx_StdPeriph_Driver/src/stm32f0xx_i2c.o
LOAD ./Libraries/STM32F0xx_StdPeriph_Driver/src/stm32f0xx_iwdg.o
LOAD ./Libraries/STM32F0xx_StdPeriph_Driver/src/stm32f0xx_misc.o
LOAD ./Libraries/STM32F0xx_StdPeriph_Driver/src/stm32f0xx_pwr.o
LOAD ./Libraries/STM32F0xx_StdPeriph_Driver/src/stm32f0xx_rcc.o
LOAD ./Libraries/STM32F0xx_StdPeriph_Driver/src/stm32f0xx_rtc.o
LOAD ./Libraries/STM32F0xx_StdPeriph_Driver/src/stm32f0xx_spi.o
LOAD ./Libraries/STM32F0xx_StdPeriph_Driver/src/stm32f0xx_syscfg.o
LOAD ./Libraries/STM32F0xx_StdPeriph_Driver/src/stm32f0xx_tim.o
LOAD ./Libraries/STM32F0xx_StdPeriph_Driver/src/stm32f0xx_usart.o
LOAD ./Libraries/STM32F0xx_StdPeriph_Driver/src/stm32f0xx_wwdg.o
LOAD ./Libraries/CMSIS/Device/ST/STM32F0xx/Source/Templates/system_stm32f0xx.o
LOAD ./Libraries/Arduino/src/gpio.o
LOAD ./Libraries/Arduino/src/serial.o
LOAD ./Libraries/Arduino/src/spi.o
LOAD ./Device/startup_stm32f0xx.o
START GROUP
LOAD c:/stm32f0-discovery_tools/gcc-arm-none-eabi/bin/../lib/gcc/arm-none-eabi/4.7.4/armv6-m\libgcc.a
LOAD c:/stm32f0-discovery_tools/gcc-arm-none-eabi/bin/../lib/gcc/arm-none-eabi/4.7.4/../../../../arm-none-eabi/lib/armv6-m\libg.a
LOAD c:/stm32f0-discovery_tools/gcc-arm-none-eabi/bin/../lib/gcc/arm-none-eabi/4.7.4/../../../../arm-none-eabi/lib/armv6-m\libc.a
END GROUP
LOAD c:/stm32f0-discovery_tools/gcc-arm-none-eabi/bin/../lib/gcc/arm-none-eabi/4.7.4/armv6-m/crtend.o
LOAD c:/stm32f0-discovery_tools/gcc-arm-none-eabi/bin/../lib/gcc/arm-none-eabi/4.7.4/armv6-m/crtn.o
                0x20002000                _estack = 0x20002000

.isr_vector     0x08000000       0xc4
                0x08000000                . = ALIGN (0x4)
 *(.isr_vector)
 .isr_vector    0x08000000       0xc4 ./Device/startup_stm32f0xx.o
                0x08000000                g_pfnVectors
                0x080000c4                . = ALIGN (0x4)

.eh_frame       0x080000c4        0x4
 .eh_frame      0x080000c4        0x0 c:/stm32f0-discovery_tools/gcc-arm-none-eabi/bin/../lib/gcc/arm-none-eabi/4.7.4/armv6-m/crtbegin.o
 .eh_frame      0x080000c4        0x4 c:/stm32f0-discovery_tools/gcc-arm-none-eabi/bin/../lib/gcc/arm-none-eabi/4.7.4/armv6-m/crtend.o

.ARM.extab      0x080000c8        0x0
 .ARM.extab     0x080000c8        0x0 c:/stm32f0-discovery_tools/gcc-arm-none-eabi/bin/../lib/gcc/arm-none-eabi/4.7.4/../../../../arm-none-eabi/lib/armv6-m/crt0.o

.ARM.exidx      0x080000c8        0x8
 .ARM.exidx     0x080000c8        0x8 c:/stm32f0-discovery_tools/gcc-arm-none-eabi/bin/../lib/gcc/arm-none-eabi/4.7.4/../../../../arm-none-eabi/lib/armv6-m/crt0.o

.text           0x080000d0     0xb75c
                0x080000d0                . = ALIGN (0x4)
 *(.text)
 .text          0x080000d0        0x0 c:/stm32f0-discovery_tools/gcc-arm-none-eabi/bin/../lib/gcc/arm-none-eabi/4.7.4/armv6-m/crti.o
 .text          0x080000d0       0x60 c:/stm32f0-discovery_tools/gcc-arm-none-eabi/bin/../lib/gcc/arm-none-eabi/4.7.4/armv6-m/crtbegin.o
 .text          0x08000130       0x74 c:/stm32f0-discovery_tools/gcc-arm-none-eabi/bin/../lib/gcc/arm-none-eabi/4.7.4/../../../../arm-none-eabi/lib/armv6-m/crt0.o
                0x08000130                _start
                0x08000130                start
                0x08000130                _mainCRTStartup
 .text          0x080001a4        0x0 ./src/main.o
 .text          0x080001a4        0x0 ./Libraries/Utilities/stm32f0_discovery.o
 .text          0x080001a4        0x0 ./Libraries/Utilities/stm32f0xx_it.o
 .text          0x080001a4        0x0 ./Libraries/Utilities/utilities.o
 .text          0x080001a4        0x0 ./Libraries/STM32F0xx_StdPeriph_Driver/src/stm32f0xx_adc.o
 .text          0x080001a4        0x0 ./Libraries/STM32F0xx_StdPeriph_Driver/src/stm32f0xx_cec.o
 .text          0x080001a4        0x0 ./Libraries/STM32F0xx_StdPeriph_Driver/src/stm32f0xx_comp.o
 .text          0x080001a4        0x0 ./Libraries/STM32F0xx_StdPeriph_Driver/src/stm32f0xx_crc.o
 .text          0x080001a4        0x0 ./Libraries/STM32F0xx_StdPeriph_Driver/src/stm32f0xx_dac.o
 .text          0x080001a4        0x0 ./Libraries/STM32F0xx_StdPeriph_Driver/src/stm32f0xx_dbgmcu.o
 .text          0x080001a4        0x0 ./Libraries/STM32F0xx_StdPeriph_Driver/src/stm32f0xx_dma.o
 .text          0x080001a4        0x0 ./Libraries/STM32F0xx_StdPeriph_Driver/src/stm32f0xx_exti.o
 .text          0x080001a4        0x0 ./Libraries/STM32F0xx_StdPeriph_Driver/src/stm32f0xx_flash.o
 .text          0x080001a4        0x0 ./Libraries/STM32F0xx_StdPeriph_Driver/src/stm32f0xx_gpio.o
 .text          0x080001a4        0x0 ./Libraries/STM32F0xx_StdPeriph_Driver/src/stm32f0xx_i2c.o
 .text          0x080001a4        0x0 ./Libraries/STM32F0xx_StdPeriph_Driver/src/stm32f0xx_iwdg.o
 .text          0x080001a4        0x0 ./Libraries/STM32F0xx_StdPeriph_Driver/src/stm32f0xx_misc.o
 .text          0x080001a4        0x0 ./Libraries/STM32F0xx_StdPeriph_Driver/src/stm32f0xx_pwr.o
 .text          0x080001a4        0x0 ./Libraries/STM32F0xx_StdPeriph_Driver/src/stm32f0xx_rcc.o
 .text          0x080001a4        0x0 ./Libraries/STM32F0xx_StdPeriph_Driver/src/stm32f0xx_rtc.o
 .text          0x080001a4        0x0 ./Libraries/STM32F0xx_StdPeriph_Driver/src/stm32f0xx_spi.o
 .text          0x080001a4        0x0 ./Libraries/STM32F0xx_StdPeriph_Driver/src/stm32f0xx_syscfg.o
 .text          0x080001a4        0x0 ./Libraries/STM32F0xx_StdPeriph_Driver/src/stm32f0xx_tim.o
 .text          0x080001a4        0x0 ./Libraries/STM32F0xx_StdPeriph_Driver/src/stm32f0xx_usart.o
 .text          0x080001a4        0x0 ./Libraries/STM32F0xx_StdPeriph_Driver/src/stm32f0xx_wwdg.o
 .text          0x080001a4        0x0 ./Libraries/CMSIS/Device/ST/STM32F0xx/Source/Templates/system_stm32f0xx.o
 .text          0x080001a4        0x0 ./Libraries/Arduino/src/gpio.o
 .text          0x080001a4        0x0 ./Libraries/Arduino/src/serial.o
 .text          0x080001a4        0x0 ./Libraries/Arduino/src/spi.o
 .text          0x080001a4       0x14 ./Device/startup_stm32f0xx.o
 .text          0x080001b8       0x9c c:/stm32f0-discovery_tools/gcc-arm-none-eabi/bin/../lib/gcc/arm-none-eabi/4.7.4/armv6-m\libgcc.a(_udivsi3.o)
                0x080001b8                __aeabi_uidiv
                0x080001b8                __udivsi3
                0x08000240                __aeabi_uidivmod
 .text          0x08000254        0x4 c:/stm32f0-discovery_tools/gcc-arm-none-eabi/bin/../lib/gcc/arm-none-eabi/4.7.4/armv6-m\libgcc.a(_dvmd_tls.o)
                0x08000254                __aeabi_idiv0
                0x08000254                __aeabi_ldiv0
 .text          0x08000258        0x0 c:/stm32f0-discovery_tools/gcc-arm-none-eabi/bin/../lib/gcc/arm-none-eabi/4.7.4/../../../../arm-none-eabi/lib/armv6-m\libg.a(lib_a-__atexit.o)
 .text          0x08000258        0x0 c:/stm32f0-discovery_tools/gcc-arm-none-eabi/bin/../lib/gcc/arm-none-eabi/4.7.4/../../../../arm-none-eabi/lib/armv6-m\libg.a(lib_a-exit.o)
 .text          0x08000258        0x0 c:/stm32f0-discovery_tools/gcc-arm-none-eabi/bin/../lib/gcc/arm-none-eabi/4.7.4/../../../../arm-none-eabi/lib/armv6-m\libg.a(lib_a-fini.o)
 .text          0x08000258        0x0 c:/stm32f0-discovery_tools/gcc-arm-none-eabi/bin/../lib/gcc/arm-none-eabi/4.7.4/../../../../arm-none-eabi/lib/armv6-m\libg.a(lib_a-impure.o)
 .text          0x08000258        0x0 c:/stm32f0-discovery_tools/gcc-arm-none-eabi/bin/../lib/gcc/arm-none-eabi/4.7.4/../../../../arm-none-eabi/lib/armv6-m\libg.a(lib_a-init.o)
 .text          0x08000258        0x0 c:/stm32f0-discovery_tools/gcc-arm-none-eabi/bin/../lib/gcc/arm-none-eabi/4.7.4/../../../../arm-none-eabi/lib/armv6-m\libg.a(lib_a-memset.o)
 .text          0x08000258        0x0 c:/stm32f0-discovery_tools/gcc-arm-none-eabi/bin/../lib/gcc/arm-none-eabi/4.7.4/../../../../arm-none-eabi/lib/armv6-m\libg.a(lib_a-__call_atexit.o)
 .text          0x08000258        0x0 c:/stm32f0-discovery_tools/gcc-arm-none-eabi/bin/../lib/gcc/arm-none-eabi/4.7.4/armv6-m/crtend.o
 .text          0x08000258        0x0 c:/stm32f0-discovery_tools/gcc-arm-none-eabi/bin/../lib/gcc/arm-none-eabi/4.7.4/armv6-m/crtn.o
 *(.text.*)
 .text.setup    0x08000258       0x18 ./src/main.o
                0x08000258                setup
 .text.loop     0x08000270       0x30 ./src/main.o
                0x08000270                loop
 .text.main     0x080002a0       0x14 ./src/main.o
                0x080002a0                main
 .text.STM_EVAL_LEDInit
                0x080002b4       0x78 ./Libraries/Utilities/stm32f0_discovery.o
                0x080002b4                STM_EVAL_LEDInit
 .text.STM_EVAL_LEDOn
                0x0800032c       0x30 ./Libraries/Utilities/stm32f0_discovery.o
                0x0800032c                STM_EVAL_LEDOn
 .text.STM_EVAL_LEDOff
                0x0800035c       0x30 ./Libraries/Utilities/stm32f0_discovery.o
                0x0800035c                STM_EVAL_LEDOff
 .text.STM_EVAL_LEDToggle
                0x0800038c       0x44 ./Libraries/Utilities/stm32f0_discovery.o
                0x0800038c                STM_EVAL_LEDToggle
 .text.STM_EVAL_PBInit
                0x080003d0      0x120 ./Libraries/Utilities/stm32f0_discovery.o
                0x080003d0                STM_EVAL_PBInit
 .text.STM_EVAL_PBGetState
                0x080004f0       0x3c ./Libraries/Utilities/stm32f0_discovery.o
                0x080004f0                STM_EVAL_PBGetState
 .text.NMI_Handler
                0x0800052c        0x8 ./Libraries/Utilities/stm32f0xx_it.o
                0x0800052c                NMI_Handler
 .text.HardFault_Handler
                0x08000534        0x8 ./Libraries/Utilities/stm32f0xx_it.o
                0x08000534                HardFault_Handler
 .text.SVC_Handler
                0x0800053c        0x8 ./Libraries/Utilities/stm32f0xx_it.o
                0x0800053c                SVC_Handler
 .text.PendSV_Handler
                0x08000544        0x8 ./Libraries/Utilities/stm32f0xx_it.o
                0x08000544                PendSV_Handler
 .text.SysTick_Handler
                0x0800054c       0x20 ./Libraries/Utilities/stm32f0xx_it.o
                0x0800054c                SysTick_Handler
 .text.NVIC_SetPriority
                0x0800056c       0xe0 ./Libraries/Utilities/utilities.o
 .text.SysTick_Config
                0x0800064c       0x4c ./Libraries/Utilities/utilities.o
 .text.DISCOVERY_Configuration
                0x08000698      0x168 ./Libraries/Utilities/utilities.o
                0x08000698                DISCOVERY_Configuration
 .text.delay_ms
                0x08000800       0x48 ./Libraries/Utilities/utilities.o
                0x08000800                delay_ms
 .text.delay_10us
                0x08000848       0x3c ./Libraries/Utilities/utilities.o
                0x08000848                delay_10us
 .text.Init_LED
                0x08000884       0x5c ./Libraries/Utilities/utilities.o
 .text.Init_CS  0x080008e0       0x48 ./Libraries/Utilities/utilities.o
 .text.Init_RESET
                0x08000928       0x48 ./Libraries/Utilities/utilities.o
 .text.staticDelay
                0x08000970       0x24 ./Libraries/Utilities/utilities.o
 .text.INT1_EXTI_Config
                0x08000994       0x9c ./Libraries/Utilities/utilities.o
                0x08000994                INT1_EXTI_Config
 .text.INT2_EXTI_Config
                0x08000a30       0x9c ./Libraries/Utilities/utilities.o
                0x08000a30                INT2_EXTI_Config
 .text.INT_EXTI_Config
                0x08000acc        0xc ./Libraries/Utilities/utilities.o
                0x08000acc                INT_EXTI_Config
 .text.PWM_Config
                0x08000ad8      0x148 ./Libraries/Utilities/utilities.o
                0x08000ad8                PWM_Config
 .text.ADC_DeInit
                0x08000c20       0x34 ./Libraries/STM32F0xx_StdPeriph_Driver/src/stm32f0xx_adc.o
                0x08000c20                ADC_DeInit
 .text.ADC_Init
                0x08000c54       0x58 ./Libraries/STM32F0xx_StdPeriph_Driver/src/stm32f0xx_adc.o
                0x08000c54                ADC_Init
 .text.ADC_StructInit
                0x08000cac       0x34 ./Libraries/STM32F0xx_StdPeriph_Driver/src/stm32f0xx_adc.o
                0x08000cac                ADC_StructInit
 .text.ADC_Cmd  0x08000ce0       0x38 ./Libraries/STM32F0xx_StdPeriph_Driver/src/stm32f0xx_adc.o
                0x08000ce0                ADC_Cmd
 .text.ADC_JitterCmd
                0x08000d18       0x38 ./Libraries/STM32F0xx_StdPeriph_Driver/src/stm32f0xx_adc.o
                0x08000d18                ADC_JitterCmd
 .text.ADC_AutoPowerOffCmd
                0x08000d50       0x3c ./Libraries/STM32F0xx_StdPeriph_Driver/src/stm32f0xx_adc.o
                0x08000d50                ADC_AutoPowerOffCmd
 .text.ADC_WaitModeCmd
                0x08000d8c       0x3c ./Libraries/STM32F0xx_StdPeriph_Driver/src/stm32f0xx_adc.o
                0x08000d8c                ADC_WaitModeCmd
 .text.ADC_AnalogWatchdogCmd
                0x08000dc8       0x3c ./Libraries/STM32F0xx_StdPeriph_Driver/src/stm32f0xx_adc.o
                0x08000dc8                ADC_AnalogWatchdogCmd
 .text.ADC_AnalogWatchdogThresholdsConfig
                0x08000e04       0x28 ./Libraries/STM32F0xx_StdPeriph_Driver/src/stm32f0xx_adc.o
                0x08000e04                ADC_AnalogWatchdogThresholdsConfig
 .text.ADC_AnalogWatchdogSingleChannelConfig
                0x08000e2c       0x34 ./Libraries/STM32F0xx_StdPeriph_Driver/src/stm32f0xx_adc.o
                0x08000e2c                ADC_AnalogWatchdogSingleChannelConfig
 .text.ADC_AnalogWatchdogSingleChannelCmd
                0x08000e60       0x3c ./Libraries/STM32F0xx_StdPeriph_Driver/src/stm32f0xx_adc.o
                0x08000e60                ADC_AnalogWatchdogSingleChannelCmd
 .text.ADC_TempSensorCmd
                0x08000e9c       0x40 ./Libraries/STM32F0xx_StdPeriph_Driver/src/stm32f0xx_adc.o
                0x08000e9c                ADC_TempSensorCmd
 .text.ADC_VrefintCmd
                0x08000edc       0x40 ./Libraries/STM32F0xx_StdPeriph_Driver/src/stm32f0xx_adc.o
                0x08000edc                ADC_VrefintCmd
 .text.ADC_VbatCmd
                0x08000f1c       0x40 ./Libraries/STM32F0xx_StdPeriph_Driver/src/stm32f0xx_adc.o
                0x08000f1c                ADC_VbatCmd
 .text.ADC_ChannelConfig
                0x08000f5c       0x38 ./Libraries/STM32F0xx_StdPeriph_Driver/src/stm32f0xx_adc.o
                0x08000f5c                ADC_ChannelConfig
 .text.ADC_ContinuousModeCmd
                0x08000f94       0x3c ./Libraries/STM32F0xx_StdPeriph_Driver/src/stm32f0xx_adc.o
                0x08000f94                ADC_ContinuousModeCmd
 .text.ADC_DiscModeCmd
                0x08000fd0       0x3c ./Libraries/STM32F0xx_StdPeriph_Driver/src/stm32f0xx_adc.o
                0x08000fd0                ADC_DiscModeCmd
 .text.ADC_OverrunModeCmd
                0x0800100c       0x3c ./Libraries/STM32F0xx_StdPeriph_Driver/src/stm32f0xx_adc.o
                0x0800100c                ADC_OverrunModeCmd
 .text.ADC_GetCalibrationFactor
                0x08001048       0x60 ./Libraries/STM32F0xx_StdPeriph_Driver/src/stm32f0xx_adc.o
                0x08001048                ADC_GetCalibrationFactor
 .text.ADC_StopOfConversion
                0x080010a8       0x1c ./Libraries/STM32F0xx_StdPeriph_Driver/src/stm32f0xx_adc.o
                0x080010a8                ADC_StopOfConversion
 .text.ADC_StartOfConversion
                0x080010c4       0x1c ./Libraries/STM32F0xx_StdPeriph_Driver/src/stm32f0xx_adc.o
                0x080010c4                ADC_StartOfConversion
 .text.ADC_GetConversionValue
                0x080010e0       0x18 ./Libraries/STM32F0xx_StdPeriph_Driver/src/stm32f0xx_adc.o
                0x080010e0                ADC_GetConversionValue
 .text.ADC_DMACmd
                0x080010f8       0x3c ./Libraries/STM32F0xx_StdPeriph_Driver/src/stm32f0xx_adc.o
                0x080010f8                ADC_DMACmd
 .text.ADC_DMARequestModeConfig
                0x08001134       0x2c ./Libraries/STM32F0xx_StdPeriph_Driver/src/stm32f0xx_adc.o
                0x08001134                ADC_DMARequestModeConfig
 .text.ADC_ITConfig
                0x08001160       0x38 ./Libraries/STM32F0xx_StdPeriph_Driver/src/stm32f0xx_adc.o
                0x08001160                ADC_ITConfig
 .text.ADC_GetFlagStatus
                0x08001198       0x60 ./Libraries/STM32F0xx_StdPeriph_Driver/src/stm32f0xx_adc.o
                0x08001198                ADC_GetFlagStatus
 .text.ADC_ClearFlag
                0x080011f8       0x18 ./Libraries/STM32F0xx_StdPeriph_Driver/src/stm32f0xx_adc.o
                0x080011f8                ADC_ClearFlag
 .text.ADC_GetITStatus
                0x08001210       0x50 ./Libraries/STM32F0xx_StdPeriph_Driver/src/stm32f0xx_adc.o
                0x08001210                ADC_GetITStatus
 .text.ADC_ClearITPendingBit
                0x08001260       0x18 ./Libraries/STM32F0xx_StdPeriph_Driver/src/stm32f0xx_adc.o
                0x08001260                ADC_ClearITPendingBit
 .text.CEC_DeInit
                0x08001278       0x20 ./Libraries/STM32F0xx_StdPeriph_Driver/src/stm32f0xx_cec.o
                0x08001278                CEC_DeInit
 .text.CEC_Init
                0x08001298       0x5c ./Libraries/STM32F0xx_StdPeriph_Driver/src/stm32f0xx_cec.o
                0x08001298                CEC_Init
 .text.CEC_StructInit
                0x080012f4       0x38 ./Libraries/STM32F0xx_StdPeriph_Driver/src/stm32f0xx_cec.o
                0x080012f4                CEC_StructInit
 .text.CEC_Cmd  0x0800132c       0x38 ./Libraries/STM32F0xx_StdPeriph_Driver/src/stm32f0xx_cec.o
                0x0800132c                CEC_Cmd
 .text.CEC_ListenModeCmd
                0x08001364       0x3c ./Libraries/STM32F0xx_StdPeriph_Driver/src/stm32f0xx_cec.o
                0x08001364                CEC_ListenModeCmd
 .text.CEC_OwnAddressConfig
                0x080013a0       0x38 ./Libraries/STM32F0xx_StdPeriph_Driver/src/stm32f0xx_cec.o
                0x080013a0                CEC_OwnAddressConfig
 .text.CEC_OwnAddressClear
                0x080013d8       0x14 ./Libraries/STM32F0xx_StdPeriph_Driver/src/stm32f0xx_cec.o
                0x080013d8                CEC_OwnAddressClear
 .text.CEC_SendData
                0x080013ec       0x20 ./Libraries/STM32F0xx_StdPeriph_Driver/src/stm32f0xx_cec.o
                0x080013ec                CEC_SendData
 .text.CEC_ReceiveData
                0x0800140c       0x14 ./Libraries/STM32F0xx_StdPeriph_Driver/src/stm32f0xx_cec.o
                0x0800140c                CEC_ReceiveData
 .text.CEC_StartOfMessage
                0x08001420       0x18 ./Libraries/STM32F0xx_StdPeriph_Driver/src/stm32f0xx_cec.o
                0x08001420                CEC_StartOfMessage
 .text.CEC_EndOfMessage
                0x08001438       0x18 ./Libraries/STM32F0xx_StdPeriph_Driver/src/stm32f0xx_cec.o
                0x08001438                CEC_EndOfMessage
 .text.CEC_ITConfig
                0x08001450       0x4c ./Libraries/STM32F0xx_StdPeriph_Driver/src/stm32f0xx_cec.o
                0x08001450                CEC_ITConfig
 .text.CEC_GetFlagStatus
                0x0800149c       0x44 ./Libraries/STM32F0xx_StdPeriph_Driver/src/stm32f0xx_cec.o
                0x0800149c                CEC_GetFlagStatus
 .text.CEC_ClearFlag
                0x080014e0       0x18 ./Libraries/STM32F0xx_StdPeriph_Driver/src/stm32f0xx_cec.o
                0x080014e0                CEC_ClearFlag
 .text.CEC_GetITStatus
                0x080014f8       0x5c ./Libraries/STM32F0xx_StdPeriph_Driver/src/stm32f0xx_cec.o
                0x080014f8                CEC_GetITStatus
 .text.CEC_ClearITPendingBit
                0x08001554       0x20 ./Libraries/STM32F0xx_StdPeriph_Driver/src/stm32f0xx_cec.o
                0x08001554                CEC_ClearITPendingBit
 .text.COMP_DeInit
                0x08001574       0x14 ./Libraries/STM32F0xx_StdPeriph_Driver/src/stm32f0xx_comp.o
                0x08001574                COMP_DeInit
 .text.COMP_Init
                0x08001588       0x64 ./Libraries/STM32F0xx_StdPeriph_Driver/src/stm32f0xx_comp.o
                0x08001588                COMP_Init
 .text.COMP_StructInit
                0x080015ec       0x2c ./Libraries/STM32F0xx_StdPeriph_Driver/src/stm32f0xx_comp.o
                0x080015ec                COMP_StructInit
 .text.COMP_Cmd
                0x08001618       0x4c ./Libraries/STM32F0xx_StdPeriph_Driver/src/stm32f0xx_comp.o
                0x08001618                COMP_Cmd
 .text.COMP_SwitchCmd
                0x08001664       0x38 ./Libraries/STM32F0xx_StdPeriph_Driver/src/stm32f0xx_comp.o
                0x08001664                COMP_SwitchCmd
 .text.COMP_GetOutputLevel
                0x0800169c       0x3c ./Libraries/STM32F0xx_StdPeriph_Driver/src/stm32f0xx_comp.o
                0x0800169c                COMP_GetOutputLevel
 .text.COMP_WindowCmd
                0x080016d8       0x40 ./Libraries/STM32F0xx_StdPeriph_Driver/src/stm32f0xx_comp.o
                0x080016d8                COMP_WindowCmd
 .text.COMP_LockConfig
                0x08001718       0x28 ./Libraries/STM32F0xx_StdPeriph_Driver/src/stm32f0xx_comp.o
                0x08001718                COMP_LockConfig
 .text.CRC_DeInit
                0x08001740       0x28 ./Libraries/STM32F0xx_StdPeriph_Driver/src/stm32f0xx_crc.o
                0x08001740                CRC_DeInit
 .text.CRC_ResetDR
                0x08001768       0x14 ./Libraries/STM32F0xx_StdPeriph_Driver/src/stm32f0xx_crc.o
                0x08001768                CRC_ResetDR
 .text.CRC_ReverseInputDataSelect
                0x0800177c       0x34 ./Libraries/STM32F0xx_StdPeriph_Driver/src/stm32f0xx_crc.o
                0x0800177c                CRC_ReverseInputDataSelect
 .text.CRC_ReverseOutputDataCmd
                0x080017b0       0x38 ./Libraries/STM32F0xx_StdPeriph_Driver/src/stm32f0xx_crc.o
                0x080017b0                CRC_ReverseOutputDataCmd
 .text.CRC_SetInitRegister
                0x080017e8       0x18 ./Libraries/STM32F0xx_StdPeriph_Driver/src/stm32f0xx_crc.o
                0x080017e8                CRC_SetInitRegister
 .text.CRC_CalcCRC
                0x08001800       0x20 ./Libraries/STM32F0xx_StdPeriph_Driver/src/stm32f0xx_crc.o
                0x08001800                CRC_CalcCRC
 .text.CRC_CalcBlockCRC
                0x08001820       0x40 ./Libraries/STM32F0xx_StdPeriph_Driver/src/stm32f0xx_crc.o
                0x08001820                CRC_CalcBlockCRC
 .text.CRC_GetCRC
                0x08001860       0x14 ./Libraries/STM32F0xx_StdPeriph_Driver/src/stm32f0xx_crc.o
                0x08001860                CRC_GetCRC
 .text.CRC_SetIDRegister
                0x08001874       0x20 ./Libraries/STM32F0xx_StdPeriph_Driver/src/stm32f0xx_crc.o
                0x08001874                CRC_SetIDRegister
 .text.CRC_GetIDRegister
                0x08001894       0x14 ./Libraries/STM32F0xx_StdPeriph_Driver/src/stm32f0xx_crc.o
                0x08001894                CRC_GetIDRegister
 .text.DAC_DeInit
                0x080018a8       0x20 ./Libraries/STM32F0xx_StdPeriph_Driver/src/stm32f0xx_dac.o
                0x080018a8                DAC_DeInit
 .text.DAC_Init
                0x080018c8       0x58 ./Libraries/STM32F0xx_StdPeriph_Driver/src/stm32f0xx_dac.o
                0x080018c8                DAC_Init
 .text.DAC_StructInit
                0x08001920       0x1c ./Libraries/STM32F0xx_StdPeriph_Driver/src/stm32f0xx_dac.o
                0x08001920                DAC_StructInit
 .text.DAC_Cmd  0x0800193c       0x4c ./Libraries/STM32F0xx_StdPeriph_Driver/src/stm32f0xx_dac.o
                0x0800193c                DAC_Cmd
 .text.DAC_SoftwareTriggerCmd
                0x08001988       0x50 ./Libraries/STM32F0xx_StdPeriph_Driver/src/stm32f0xx_dac.o
                0x08001988                DAC_SoftwareTriggerCmd
 .text.DAC_SetChannel1Data
                0x080019d8       0x34 ./Libraries/STM32F0xx_StdPeriph_Driver/src/stm32f0xx_dac.o
                0x080019d8                DAC_SetChannel1Data
 .text.DAC_GetDataOutputValue
                0x08001a0c       0x30 ./Libraries/STM32F0xx_StdPeriph_Driver/src/stm32f0xx_dac.o
                0x08001a0c                DAC_GetDataOutputValue
 .text.DAC_DMACmd
                0x08001a3c       0x50 ./Libraries/STM32F0xx_StdPeriph_Driver/src/stm32f0xx_dac.o
                0x08001a3c                DAC_DMACmd
 .text.DAC_ITConfig
                0x08001a8c       0x4c ./Libraries/STM32F0xx_StdPeriph_Driver/src/stm32f0xx_dac.o
                0x08001a8c                DAC_ITConfig
 .text.DAC_GetFlagStatus
                0x08001ad8       0x48 ./Libraries/STM32F0xx_StdPeriph_Driver/src/stm32f0xx_dac.o
                0x08001ad8                DAC_GetFlagStatus
 .text.DAC_ClearFlag
                0x08001b20       0x24 ./Libraries/STM32F0xx_StdPeriph_Driver/src/stm32f0xx_dac.o
                0x08001b20                DAC_ClearFlag
 .text.DAC_GetITStatus
                0x08001b44       0x64 ./Libraries/STM32F0xx_StdPeriph_Driver/src/stm32f0xx_dac.o
                0x08001b44                DAC_GetITStatus
 .text.DAC_ClearITPendingBit
                0x08001ba8       0x24 ./Libraries/STM32F0xx_StdPeriph_Driver/src/stm32f0xx_dac.o
                0x08001ba8                DAC_ClearITPendingBit
 .text.DBGMCU_GetREVID
                0x08001bcc       0x14 ./Libraries/STM32F0xx_StdPeriph_Driver/src/stm32f0xx_dbgmcu.o
                0x08001bcc                DBGMCU_GetREVID
 .text.DBGMCU_GetDEVID
                0x08001be0       0x18 ./Libraries/STM32F0xx_StdPeriph_Driver/src/stm32f0xx_dbgmcu.o
                0x08001be0                DBGMCU_GetDEVID
 .text.DBGMCU_Config
                0x08001bf8       0x3c ./Libraries/STM32F0xx_StdPeriph_Driver/src/stm32f0xx_dbgmcu.o
                0x08001bf8                DBGMCU_Config
 .text.DBGMCU_APB1PeriphConfig
                0x08001c34       0x3c ./Libraries/STM32F0xx_StdPeriph_Driver/src/stm32f0xx_dbgmcu.o
                0x08001c34                DBGMCU_APB1PeriphConfig
 .text.DBGMCU_APB2PeriphConfig
                0x08001c70       0x3c ./Libraries/STM32F0xx_StdPeriph_Driver/src/stm32f0xx_dbgmcu.o
                0x08001c70                DBGMCU_APB2PeriphConfig
 .text.DMA_DeInit
                0x08001cac       0xc0 ./Libraries/STM32F0xx_StdPeriph_Driver/src/stm32f0xx_dma.o
                0x08001cac                DMA_DeInit
 .text.DMA_Init
                0x08001d6c       0x78 ./Libraries/STM32F0xx_StdPeriph_Driver/src/stm32f0xx_dma.o
                0x08001d6c                DMA_Init
 .text.DMA_StructInit
                0x08001de4       0x50 ./Libraries/STM32F0xx_StdPeriph_Driver/src/stm32f0xx_dma.o
                0x08001de4                DMA_StructInit
 .text.DMA_Cmd  0x08001e34       0x3c ./Libraries/STM32F0xx_StdPeriph_Driver/src/stm32f0xx_dma.o
                0x08001e34                DMA_Cmd
 .text.DMA_SetCurrDataCounter
                0x08001e70       0x1c ./Libraries/STM32F0xx_StdPeriph_Driver/src/stm32f0xx_dma.o
                0x08001e70                DMA_SetCurrDataCounter
 .text.DMA_GetCurrDataCounter
                0x08001e8c       0x18 ./Libraries/STM32F0xx_StdPeriph_Driver/src/stm32f0xx_dma.o
                0x08001e8c                DMA_GetCurrDataCounter
 .text.DMA_ITConfig
                0x08001ea4       0x38 ./Libraries/STM32F0xx_StdPeriph_Driver/src/stm32f0xx_dma.o
                0x08001ea4                DMA_ITConfig
 .text.DMA_GetFlagStatus
                0x08001edc       0x40 ./Libraries/STM32F0xx_StdPeriph_Driver/src/stm32f0xx_dma.o
                0x08001edc                DMA_GetFlagStatus
 .text.DMA_ClearFlag
                0x08001f1c       0x18 ./Libraries/STM32F0xx_StdPeriph_Driver/src/stm32f0xx_dma.o
                0x08001f1c                DMA_ClearFlag
 .text.DMA_GetITStatus
                0x08001f34       0x40 ./Libraries/STM32F0xx_StdPeriph_Driver/src/stm32f0xx_dma.o
                0x08001f34                DMA_GetITStatus
 .text.DMA_ClearITPendingBit
                0x08001f74       0x18 ./Libraries/STM32F0xx_StdPeriph_Driver/src/stm32f0xx_dma.o
                0x08001f74                DMA_ClearITPendingBit
 .text.EXTI_DeInit
                0x08001f8c       0x34 ./Libraries/STM32F0xx_StdPeriph_Driver/src/stm32f0xx_exti.o
                0x08001f8c                EXTI_DeInit
 .text.EXTI_Init
                0x08001fc0       0xd8 ./Libraries/STM32F0xx_StdPeriph_Driver/src/stm32f0xx_exti.o
                0x08001fc0                EXTI_Init
 .text.EXTI_StructInit
                0x08002098       0x28 ./Libraries/STM32F0xx_StdPeriph_Driver/src/stm32f0xx_exti.o
                0x08002098                EXTI_StructInit
 .text.EXTI_GenerateSWInterrupt
                0x080020c0       0x20 ./Libraries/STM32F0xx_StdPeriph_Driver/src/stm32f0xx_exti.o
                0x080020c0                EXTI_GenerateSWInterrupt
 .text.EXTI_GetFlagStatus
                0x080020e0       0x40 ./Libraries/STM32F0xx_StdPeriph_Driver/src/stm32f0xx_exti.o
                0x080020e0                EXTI_GetFlagStatus
 .text.EXTI_ClearFlag
                0x08002120       0x18 ./Libraries/STM32F0xx_StdPeriph_Driver/src/stm32f0xx_exti.o
                0x08002120                EXTI_ClearFlag
 .text.EXTI_GetITStatus
                0x08002138       0x54 ./Libraries/STM32F0xx_StdPeriph_Driver/src/stm32f0xx_exti.o
                0x08002138                EXTI_GetITStatus
 .text.EXTI_ClearITPendingBit
                0x0800218c       0x18 ./Libraries/STM32F0xx_StdPeriph_Driver/src/stm32f0xx_exti.o
                0x0800218c                EXTI_ClearITPendingBit
 .text.FLASH_SetLatency
                0x080021a4       0x34 ./Libraries/STM32F0xx_StdPeriph_Driver/src/stm32f0xx_flash.o
                0x080021a4                FLASH_SetLatency
 .text.FLASH_PrefetchBufferCmd
                0x080021d8       0x38 ./Libraries/STM32F0xx_StdPeriph_Driver/src/stm32f0xx_flash.o
                0x080021d8                FLASH_PrefetchBufferCmd
 .text.FLASH_GetPrefetchBufferStatus
                0x08002210       0x34 ./Libraries/STM32F0xx_StdPeriph_Driver/src/stm32f0xx_flash.o
                0x08002210                FLASH_GetPrefetchBufferStatus
 .text.FLASH_Unlock
                0x08002244       0x2c ./Libraries/STM32F0xx_StdPeriph_Driver/src/stm32f0xx_flash.o
                0x08002244                FLASH_Unlock
 .text.FLASH_Lock
                0x08002270       0x18 ./Libraries/STM32F0xx_StdPeriph_Driver/src/stm32f0xx_flash.o
                0x08002270                FLASH_Lock
 .text.FLASH_ErasePage
                0x08002288       0x7c ./Libraries/STM32F0xx_StdPeriph_Driver/src/stm32f0xx_flash.o
                0x08002288                FLASH_ErasePage
 .text.FLASH_EraseAllPages
                0x08002304       0x68 ./Libraries/STM32F0xx_StdPeriph_Driver/src/stm32f0xx_flash.o
                0x08002304                FLASH_EraseAllPages
 .text.FLASH_ProgramWord
                0x0800236c       0xb0 ./Libraries/STM32F0xx_StdPeriph_Driver/src/stm32f0xx_flash.o
                0x0800236c                FLASH_ProgramWord
 .text.FLASH_ProgramHalfWord
                0x0800241c       0x78 ./Libraries/STM32F0xx_StdPeriph_Driver/src/stm32f0xx_flash.o
                0x0800241c                FLASH_ProgramHalfWord
 .text.FLASH_OB_Unlock
                0x08002494       0x2c ./Libraries/STM32F0xx_StdPeriph_Driver/src/stm32f0xx_flash.o
                0x08002494                FLASH_OB_Unlock
 .text.FLASH_OB_Lock
                0x080024c0       0x1c ./Libraries/STM32F0xx_StdPeriph_Driver/src/stm32f0xx_flash.o
                0x080024c0                FLASH_OB_Lock
 .text.FLASH_OB_Launch
                0x080024dc       0x1c ./Libraries/STM32F0xx_StdPeriph_Driver/src/stm32f0xx_flash.o
                0x080024dc                FLASH_OB_Launch
 .text.FLASH_OB_Erase
                0x080024f8       0xd8 ./Libraries/STM32F0xx_StdPeriph_Driver/src/stm32f0xx_flash.o
                0x080024f8                FLASH_OB_Erase
 .text.FLASH_OB_EnableWRP
                0x080025d0       0xf4 ./Libraries/STM32F0xx_StdPeriph_Driver/src/stm32f0xx_flash.o
                0x080025d0                FLASH_OB_EnableWRP
 .text.FLASH_OB_RDPConfig
                0x080026c4       0xdc ./Libraries/STM32F0xx_StdPeriph_Driver/src/stm32f0xx_flash.o
                0x080026c4                FLASH_OB_RDPConfig
 .text.FLASH_OB_UserConfig
                0x080027a0       0xa0 ./Libraries/STM32F0xx_StdPeriph_Driver/src/stm32f0xx_flash.o
                0x080027a0                FLASH_OB_UserConfig
 .text.FLASH_OB_BOOTConfig
                0x08002840       0x8c ./Libraries/STM32F0xx_StdPeriph_Driver/src/stm32f0xx_flash.o
                0x08002840                FLASH_OB_BOOTConfig
 .text.FLASH_OB_VDDAConfig
                0x080028cc       0x8c ./Libraries/STM32F0xx_StdPeriph_Driver/src/stm32f0xx_flash.o
                0x080028cc                FLASH_OB_VDDAConfig
 .text.FLASH_OB_SRAMParityConfig
                0x08002958       0x8c ./Libraries/STM32F0xx_StdPeriph_Driver/src/stm32f0xx_flash.o
                0x08002958                FLASH_OB_SRAMParityConfig
 .text.FLASH_OB_WriteUser
                0x080029e4       0x8c ./Libraries/STM32F0xx_StdPeriph_Driver/src/stm32f0xx_flash.o
                0x080029e4                FLASH_OB_WriteUser
 .text.FLASH_ProgramOptionByteData
                0x08002a70       0x84 ./Libraries/STM32F0xx_StdPeriph_Driver/src/stm32f0xx_flash.o
                0x08002a70                FLASH_ProgramOptionByteData
 .text.FLASH_OB_GetUser
                0x08002af4       0x18 ./Libraries/STM32F0xx_StdPeriph_Driver/src/stm32f0xx_flash.o
                0x08002af4                FLASH_OB_GetUser
 .text.FLASH_OB_GetWRP
                0x08002b0c       0x14 ./Libraries/STM32F0xx_StdPeriph_Driver/src/stm32f0xx_flash.o
                0x08002b0c                FLASH_OB_GetWRP
 .text.FLASH_OB_GetRDP
                0x08002b20       0x38 ./Libraries/STM32F0xx_StdPeriph_Driver/src/stm32f0xx_flash.o
                0x08002b20                FLASH_OB_GetRDP
 .text.FLASH_ITConfig
                0x08002b58       0x3c ./Libraries/STM32F0xx_StdPeriph_Driver/src/stm32f0xx_flash.o
                0x08002b58                FLASH_ITConfig
 .text.FLASH_GetFlagStatus
                0x08002b94       0x40 ./Libraries/STM32F0xx_StdPeriph_Driver/src/stm32f0xx_flash.o
                0x08002b94                FLASH_GetFlagStatus
 .text.FLASH_ClearFlag
                0x08002bd4       0x18 ./Libraries/STM32F0xx_StdPeriph_Driver/src/stm32f0xx_flash.o
                0x08002bd4                FLASH_ClearFlag
 .text.FLASH_GetStatus
                0x08002bec       0x58 ./Libraries/STM32F0xx_StdPeriph_Driver/src/stm32f0xx_flash.o
                0x08002bec                FLASH_GetStatus
 .text.FLASH_WaitForLastOperation
                0x08002c44       0x5c ./Libraries/STM32F0xx_StdPeriph_Driver/src/stm32f0xx_flash.o
                0x08002c44                FLASH_WaitForLastOperation
 .text.GPIO_DeInit
                0x08002ca0       0xc8 ./Libraries/STM32F0xx_StdPeriph_Driver/src/stm32f0xx_gpio.o
                0x08002ca0                GPIO_DeInit
 .text.GPIO_Init
                0x08002d68      0x138 ./Libraries/STM32F0xx_StdPeriph_Driver/src/stm32f0xx_gpio.o
                0x08002d68                GPIO_Init
 .text.GPIO_StructInit
                0x08002ea0       0x30 ./Libraries/STM32F0xx_StdPeriph_Driver/src/stm32f0xx_gpio.o
                0x08002ea0                GPIO_StructInit
 .text.GPIO_PinLockConfig
                0x08002ed0       0x44 ./Libraries/STM32F0xx_StdPeriph_Driver/src/stm32f0xx_gpio.o
                0x08002ed0                GPIO_PinLockConfig
 .text.GPIO_ReadInputDataBit
                0x08002f14       0x48 ./Libraries/STM32F0xx_StdPeriph_Driver/src/stm32f0xx_gpio.o
                0x08002f14                GPIO_ReadInputDataBit
 .text.GPIO_ReadInputData
                0x08002f5c       0x18 ./Libraries/STM32F0xx_StdPeriph_Driver/src/stm32f0xx_gpio.o
                0x08002f5c                GPIO_ReadInputData
 .text.GPIO_ReadOutputDataBit
                0x08002f74       0x48 ./Libraries/STM32F0xx_StdPeriph_Driver/src/stm32f0xx_gpio.o
                0x08002f74                GPIO_ReadOutputDataBit
 .text.GPIO_ReadOutputData
                0x08002fbc       0x18 ./Libraries/STM32F0xx_StdPeriph_Driver/src/stm32f0xx_gpio.o
                0x08002fbc                GPIO_ReadOutputData
 .text.GPIO_SetBits
                0x08002fd4       0x1c ./Libraries/STM32F0xx_StdPeriph_Driver/src/stm32f0xx_gpio.o
                0x08002fd4                GPIO_SetBits
 .text.GPIO_ResetBits
                0x08002ff0       0x1c ./Libraries/STM32F0xx_StdPeriph_Driver/src/stm32f0xx_gpio.o
                0x08002ff0                GPIO_ResetBits
 .text.GPIO_WriteBit
                0x0800300c       0x30 ./Libraries/STM32F0xx_StdPeriph_Driver/src/stm32f0xx_gpio.o
                0x0800300c                GPIO_WriteBit
 .text.GPIO_Write
                0x0800303c       0x1c ./Libraries/STM32F0xx_StdPeriph_Driver/src/stm32f0xx_gpio.o
                0x0800303c                GPIO_Write
 .text.GPIO_PinAFConfig
                0x08003058       0x9c ./Libraries/STM32F0xx_StdPeriph_Driver/src/stm32f0xx_gpio.o
                0x08003058                GPIO_PinAFConfig
 .text.I2C_DeInit
                0x080030f4       0x4c ./Libraries/STM32F0xx_StdPeriph_Driver/src/stm32f0xx_i2c.o
                0x080030f4                I2C_DeInit
 .text.I2C_Init
                0x08003140       0xd0 ./Libraries/STM32F0xx_StdPeriph_Driver/src/stm32f0xx_i2c.o
                0x08003140                I2C_Init
 .text.I2C_StructInit
                0x08003210       0x3c ./Libraries/STM32F0xx_StdPeriph_Driver/src/stm32f0xx_i2c.o
                0x08003210                I2C_StructInit
 .text.I2C_Cmd  0x0800324c       0x3c ./Libraries/STM32F0xx_StdPeriph_Driver/src/stm32f0xx_i2c.o
                0x0800324c                I2C_Cmd
 .text.I2C_SoftwareResetCmd
                0x08003288       0x3c ./Libraries/STM32F0xx_StdPeriph_Driver/src/stm32f0xx_i2c.o
                0x08003288                I2C_SoftwareResetCmd
 .text.I2C_ITConfig
                0x080032c4       0x38 ./Libraries/STM32F0xx_StdPeriph_Driver/src/stm32f0xx_i2c.o
                0x080032c4                I2C_ITConfig
 .text.I2C_StretchClockCmd
                0x080032fc       0x3c ./Libraries/STM32F0xx_StdPeriph_Driver/src/stm32f0xx_i2c.o
                0x080032fc                I2C_StretchClockCmd
 .text.I2C_StopModeCmd
                0x08003338       0x3c ./Libraries/STM32F0xx_StdPeriph_Driver/src/stm32f0xx_i2c.o
                0x08003338                I2C_StopModeCmd
 .text.I2C_DualAddressCmd
                0x08003374       0x3c ./Libraries/STM32F0xx_StdPeriph_Driver/src/stm32f0xx_i2c.o
                0x08003374                I2C_DualAddressCmd
 .text.I2C_OwnAddress2Config
                0x080033b0       0x50 ./Libraries/STM32F0xx_StdPeriph_Driver/src/stm32f0xx_i2c.o
                0x080033b0                I2C_OwnAddress2Config
 .text.I2C_GeneralCallCmd
                0x08003400       0x3c ./Libraries/STM32F0xx_StdPeriph_Driver/src/stm32f0xx_i2c.o
                0x08003400                I2C_GeneralCallCmd
 .text.I2C_SlaveByteControlCmd
                0x0800343c       0x3c ./Libraries/STM32F0xx_StdPeriph_Driver/src/stm32f0xx_i2c.o
                0x0800343c                I2C_SlaveByteControlCmd
 .text.I2C_SlaveAddressConfig
                0x08003478       0x3c ./Libraries/STM32F0xx_StdPeriph_Driver/src/stm32f0xx_i2c.o
                0x08003478                I2C_SlaveAddressConfig
 .text.I2C_10BitAddressingModeCmd
                0x080034b4       0x3c ./Libraries/STM32F0xx_StdPeriph_Driver/src/stm32f0xx_i2c.o
                0x080034b4                I2C_10BitAddressingModeCmd
 .text.I2C_AutoEndCmd
                0x080034f0       0x3c ./Libraries/STM32F0xx_StdPeriph_Driver/src/stm32f0xx_i2c.o
                0x080034f0                I2C_AutoEndCmd
 .text.I2C_ReloadCmd
                0x0800352c       0x3c ./Libraries/STM32F0xx_StdPeriph_Driver/src/stm32f0xx_i2c.o
                0x0800352c                I2C_ReloadCmd
 .text.I2C_NumberOfBytesConfig
                0x08003568       0x44 ./Libraries/STM32F0xx_StdPeriph_Driver/src/stm32f0xx_i2c.o
                0x08003568                I2C_NumberOfBytesConfig
 .text.I2C_MasterRequestConfig
                0x080035ac       0x3c ./Libraries/STM32F0xx_StdPeriph_Driver/src/stm32f0xx_i2c.o
                0x080035ac                I2C_MasterRequestConfig
 .text.I2C_GenerateSTART
                0x080035e8       0x3c ./Libraries/STM32F0xx_StdPeriph_Driver/src/stm32f0xx_i2c.o
                0x080035e8                I2C_GenerateSTART
 .text.I2C_GenerateSTOP
                0x08003624       0x3c ./Libraries/STM32F0xx_StdPeriph_Driver/src/stm32f0xx_i2c.o
                0x08003624                I2C_GenerateSTOP
 .text.I2C_10BitAddressHeaderCmd
                0x08003660       0x3c ./Libraries/STM32F0xx_StdPeriph_Driver/src/stm32f0xx_i2c.o
                0x08003660                I2C_10BitAddressHeaderCmd
 .text.I2C_AcknowledgeConfig
                0x0800369c       0x3c ./Libraries/STM32F0xx_StdPeriph_Driver/src/stm32f0xx_i2c.o
                0x0800369c                I2C_AcknowledgeConfig
 .text.I2C_GetAddressMatched
                0x080036d8       0x20 ./Libraries/STM32F0xx_StdPeriph_Driver/src/stm32f0xx_i2c.o
                0x080036d8                I2C_GetAddressMatched
 .text.I2C_GetTransferDirection
                0x080036f8       0x48 ./Libraries/STM32F0xx_StdPeriph_Driver/src/stm32f0xx_i2c.o
                0x080036f8                I2C_GetTransferDirection
 .text.I2C_TransferHandling
                0x08003740       0x60 ./Libraries/STM32F0xx_StdPeriph_Driver/src/stm32f0xx_i2c.o
                0x08003740                I2C_TransferHandling
 .text.I2C_SMBusAlertCmd
                0x080037a0       0x3c ./Libraries/STM32F0xx_StdPeriph_Driver/src/stm32f0xx_i2c.o
                0x080037a0                I2C_SMBusAlertCmd
 .text.I2C_ClockTimeoutCmd
                0x080037dc       0x3c ./Libraries/STM32F0xx_StdPeriph_Driver/src/stm32f0xx_i2c.o
                0x080037dc                I2C_ClockTimeoutCmd
 .text.I2C_ExtendedClockTimeoutCmd
                0x08003818       0x38 ./Libraries/STM32F0xx_StdPeriph_Driver/src/stm32f0xx_i2c.o
                0x08003818                I2C_ExtendedClockTimeoutCmd
 .text.I2C_IdleClockTimeoutCmd
                0x08003850       0x3c ./Libraries/STM32F0xx_StdPeriph_Driver/src/stm32f0xx_i2c.o
                0x08003850                I2C_IdleClockTimeoutCmd
 .text.I2C_TimeoutAConfig
                0x0800388c       0x3c ./Libraries/STM32F0xx_StdPeriph_Driver/src/stm32f0xx_i2c.o
                0x0800388c                I2C_TimeoutAConfig
 .text.I2C_TimeoutBConfig
                0x080038c8       0x44 ./Libraries/STM32F0xx_StdPeriph_Driver/src/stm32f0xx_i2c.o
                0x080038c8                I2C_TimeoutBConfig
 .text.I2C_CalculatePEC
                0x0800390c       0x3c ./Libraries/STM32F0xx_StdPeriph_Driver/src/stm32f0xx_i2c.o
                0x0800390c                I2C_CalculatePEC
 .text.I2C_PECRequestCmd
                0x08003948       0x3c ./Libraries/STM32F0xx_StdPeriph_Driver/src/stm32f0xx_i2c.o
                0x08003948                I2C_PECRequestCmd
 .text.I2C_GetPEC
                0x08003984       0x18 ./Libraries/STM32F0xx_StdPeriph_Driver/src/stm32f0xx_i2c.o
                0x08003984                I2C_GetPEC
 .text.I2C_ReadRegister
                0x0800399c       0x2c ./Libraries/STM32F0xx_StdPeriph_Driver/src/stm32f0xx_i2c.o
                0x0800399c                I2C_ReadRegister
 .text.I2C_SendData
                0x080039c8       0x1c ./Libraries/STM32F0xx_StdPeriph_Driver/src/stm32f0xx_i2c.o
                0x080039c8                I2C_SendData
 .text.I2C_ReceiveData
                0x080039e4       0x18 ./Libraries/STM32F0xx_StdPeriph_Driver/src/stm32f0xx_i2c.o
                0x080039e4                I2C_ReceiveData
 .text.I2C_DMACmd
                0x080039fc       0x38 ./Libraries/STM32F0xx_StdPeriph_Driver/src/stm32f0xx_i2c.o
                0x080039fc                I2C_DMACmd
 .text.I2C_GetFlagStatus
                0x08003a34       0x4c ./Libraries/STM32F0xx_StdPeriph_Driver/src/stm32f0xx_i2c.o
                0x08003a34                I2C_GetFlagStatus
 .text.I2C_ClearFlag
                0x08003a80       0x18 ./Libraries/STM32F0xx_StdPeriph_Driver/src/stm32f0xx_i2c.o
                0x08003a80                I2C_ClearFlag
 .text.I2C_GetITStatus
                0x08003a98       0x88 ./Libraries/STM32F0xx_StdPeriph_Driver/src/stm32f0xx_i2c.o
                0x08003a98                I2C_GetITStatus
 .text.I2C_ClearITPendingBit
                0x08003b20       0x18 ./Libraries/STM32F0xx_StdPeriph_Driver/src/stm32f0xx_i2c.o
                0x08003b20                I2C_ClearITPendingBit
 .text.IWDG_WriteAccessCmd
                0x08003b38       0x20 ./Libraries/STM32F0xx_StdPeriph_Driver/src/stm32f0xx_iwdg.o
                0x08003b38                IWDG_WriteAccessCmd
 .text.IWDG_SetPrescaler
                0x08003b58       0x20 ./Libraries/STM32F0xx_StdPeriph_Driver/src/stm32f0xx_iwdg.o
                0x08003b58                IWDG_SetPrescaler
 .text.IWDG_SetReload
                0x08003b78       0x20 ./Libraries/STM32F0xx_StdPeriph_Driver/src/stm32f0xx_iwdg.o
                0x08003b78                IWDG_SetReload
 .text.IWDG_ReloadCounter
                0x08003b98       0x18 ./Libraries/STM32F0xx_StdPeriph_Driver/src/stm32f0xx_iwdg.o
                0x08003b98                IWDG_ReloadCounter
 .text.IWDG_SetWindowValue
                0x08003bb0       0x20 ./Libraries/STM32F0xx_StdPeriph_Driver/src/stm32f0xx_iwdg.o
                0x08003bb0                IWDG_SetWindowValue
 .text.IWDG_Enable
                0x08003bd0       0x18 ./Libraries/STM32F0xx_StdPeriph_Driver/src/stm32f0xx_iwdg.o
                0x08003bd0                IWDG_Enable
 .text.IWDG_GetFlagStatus
                0x08003be8       0x44 ./Libraries/STM32F0xx_StdPeriph_Driver/src/stm32f0xx_iwdg.o
                0x08003be8                IWDG_GetFlagStatus
 .text.NVIC_Init
                0x08003c2c       0xac ./Libraries/STM32F0xx_StdPeriph_Driver/src/stm32f0xx_misc.o
                0x08003c2c                NVIC_Init
 .text.NVIC_SystemLPConfig
                0x08003cd8       0x44 ./Libraries/STM32F0xx_StdPeriph_Driver/src/stm32f0xx_misc.o
                0x08003cd8                NVIC_SystemLPConfig
 .text.SysTick_CLKSourceConfig
                0x08003d1c       0x34 ./Libraries/STM32F0xx_StdPeriph_Driver/src/stm32f0xx_misc.o
                0x08003d1c                SysTick_CLKSourceConfig
 .text.PWR_DeInit
                0x08003d50       0x20 ./Libraries/STM32F0xx_StdPeriph_Driver/src/stm32f0xx_pwr.o
                0x08003d50                PWR_DeInit
 .text.PWR_BackupAccessCmd
                0x08003d70       0x40 ./Libraries/STM32F0xx_StdPeriph_Driver/src/stm32f0xx_pwr.o
                0x08003d70                PWR_BackupAccessCmd
 .text.PWR_PVDLevelConfig
                0x08003db0       0x34 ./Libraries/STM32F0xx_StdPeriph_Driver/src/stm32f0xx_pwr.o
                0x08003db0                PWR_PVDLevelConfig
 .text.PWR_PVDCmd
                0x08003de4       0x38 ./Libraries/STM32F0xx_StdPeriph_Driver/src/stm32f0xx_pwr.o
                0x08003de4                PWR_PVDCmd
 .text.PWR_WakeUpPinCmd
                0x08003e1c       0x3c ./Libraries/STM32F0xx_StdPeriph_Driver/src/stm32f0xx_pwr.o
                0x08003e1c                PWR_WakeUpPinCmd
 .text.PWR_EnterSleepMode
                0x08003e58       0x30 ./Libraries/STM32F0xx_StdPeriph_Driver/src/stm32f0xx_pwr.o
                0x08003e58                PWR_EnterSleepMode
 .text.PWR_EnterSTOPMode
                0x08003e88       0x64 ./Libraries/STM32F0xx_StdPeriph_Driver/src/stm32f0xx_pwr.o
                0x08003e88                PWR_EnterSTOPMode
 .text.PWR_EnterSTANDBYMode
                0x08003eec       0x38 ./Libraries/STM32F0xx_StdPeriph_Driver/src/stm32f0xx_pwr.o
                0x08003eec                PWR_EnterSTANDBYMode
 .text.PWR_GetFlagStatus
                0x08003f24       0x40 ./Libraries/STM32F0xx_StdPeriph_Driver/src/stm32f0xx_pwr.o
                0x08003f24                PWR_GetFlagStatus
 .text.PWR_ClearFlag
                0x08003f64       0x20 ./Libraries/STM32F0xx_StdPeriph_Driver/src/stm32f0xx_pwr.o
                0x08003f64                PWR_ClearFlag
 .text.RCC_DeInit
                0x08003f84       0x88 ./Libraries/STM32F0xx_StdPeriph_Driver/src/stm32f0xx_rcc.o
                0x08003f84                RCC_DeInit
 .text.RCC_HSEConfig
                0x0800400c       0x24 ./Libraries/STM32F0xx_StdPeriph_Driver/src/stm32f0xx_rcc.o
                0x0800400c                RCC_HSEConfig
 .text.RCC_WaitForHSEStartUp
                0x08004030       0x60 ./Libraries/STM32F0xx_StdPeriph_Driver/src/stm32f0xx_rcc.o
                0x08004030                RCC_WaitForHSEStartUp
 .text.RCC_AdjustHSICalibrationValue
                0x08004090       0x3c ./Libraries/STM32F0xx_StdPeriph_Driver/src/stm32f0xx_rcc.o
                0x08004090                RCC_AdjustHSICalibrationValue
 .text.RCC_HSICmd
                0x080040cc       0x38 ./Libraries/STM32F0xx_StdPeriph_Driver/src/stm32f0xx_rcc.o
                0x080040cc                RCC_HSICmd
 .text.RCC_AdjustHSI14CalibrationValue
                0x08004104       0x3c ./Libraries/STM32F0xx_StdPeriph_Driver/src/stm32f0xx_rcc.o
                0x08004104                RCC_AdjustHSI14CalibrationValue
 .text.RCC_HSI14Cmd
                0x08004140       0x38 ./Libraries/STM32F0xx_StdPeriph_Driver/src/stm32f0xx_rcc.o
                0x08004140                RCC_HSI14Cmd
 .text.RCC_HSI14ADCRequestCmd
                0x08004178       0x38 ./Libraries/STM32F0xx_StdPeriph_Driver/src/stm32f0xx_rcc.o
                0x08004178                RCC_HSI14ADCRequestCmd
 .text.RCC_LSEConfig
                0x080041b0       0x38 ./Libraries/STM32F0xx_StdPeriph_Driver/src/stm32f0xx_rcc.o
                0x080041b0                RCC_LSEConfig
 .text.RCC_LSEDriveConfig
                0x080041e8       0x2c ./Libraries/STM32F0xx_StdPeriph_Driver/src/stm32f0xx_rcc.o
                0x080041e8                RCC_LSEDriveConfig
 .text.RCC_LSICmd
                0x08004214       0x38 ./Libraries/STM32F0xx_StdPeriph_Driver/src/stm32f0xx_rcc.o
                0x08004214                RCC_LSICmd
 .text.RCC_PLLConfig
                0x0800424c       0x34 ./Libraries/STM32F0xx_StdPeriph_Driver/src/stm32f0xx_rcc.o
                0x0800424c                RCC_PLLConfig
 .text.RCC_PLLCmd
                0x08004280       0x40 ./Libraries/STM32F0xx_StdPeriph_Driver/src/stm32f0xx_rcc.o
                0x08004280                RCC_PLLCmd
 .text.RCC_PREDIV1Config
                0x080042c0       0x34 ./Libraries/STM32F0xx_StdPeriph_Driver/src/stm32f0xx_rcc.o
                0x080042c0                RCC_PREDIV1Config
 .text.RCC_ClockSecuritySystemCmd
                0x080042f4       0x40 ./Libraries/STM32F0xx_StdPeriph_Driver/src/stm32f0xx_rcc.o
                0x080042f4                RCC_ClockSecuritySystemCmd
 .text.RCC_MCOConfig
                0x08004334       0x20 ./Libraries/STM32F0xx_StdPeriph_Driver/src/stm32f0xx_rcc.o
                0x08004334                RCC_MCOConfig
 .text.RCC_SYSCLKConfig
                0x08004354       0x34 ./Libraries/STM32F0xx_StdPeriph_Driver/src/stm32f0xx_rcc.o
                0x08004354                RCC_SYSCLKConfig
 .text.RCC_GetSYSCLKSource
                0x08004388       0x1c ./Libraries/STM32F0xx_StdPeriph_Driver/src/stm32f0xx_rcc.o
                0x08004388                RCC_GetSYSCLKSource
 .text.RCC_HCLKConfig
                0x080043a4       0x34 ./Libraries/STM32F0xx_StdPeriph_Driver/src/stm32f0xx_rcc.o
                0x080043a4                RCC_HCLKConfig
 .text.RCC_PCLKConfig
                0x080043d8       0x38 ./Libraries/STM32F0xx_StdPeriph_Driver/src/stm32f0xx_rcc.o
                0x080043d8                RCC_PCLKConfig
 .text.RCC_ADCCLKConfig
                0x08004410       0x50 ./Libraries/STM32F0xx_StdPeriph_Driver/src/stm32f0xx_rcc.o
                0x08004410                RCC_ADCCLKConfig
 .text.RCC_CECCLKConfig
                0x08004460       0x2c ./Libraries/STM32F0xx_StdPeriph_Driver/src/stm32f0xx_rcc.o
                0x08004460                RCC_CECCLKConfig
 .text.RCC_I2CCLKConfig
                0x0800448c       0x2c ./Libraries/STM32F0xx_StdPeriph_Driver/src/stm32f0xx_rcc.o
                0x0800448c                RCC_I2CCLKConfig
 .text.RCC_USARTCLKConfig
                0x080044b8       0x2c ./Libraries/STM32F0xx_StdPeriph_Driver/src/stm32f0xx_rcc.o
                0x080044b8                RCC_USARTCLKConfig
 .text.RCC_GetClocksFreq
                0x080044e4      0x1cc ./Libraries/STM32F0xx_StdPeriph_Driver/src/stm32f0xx_rcc.o
                0x080044e4                RCC_GetClocksFreq
 .text.RCC_RTCCLKConfig
                0x080046b0       0x20 ./Libraries/STM32F0xx_StdPeriph_Driver/src/stm32f0xx_rcc.o
                0x080046b0                RCC_RTCCLKConfig
 .text.RCC_RTCCLKCmd
                0x080046d0       0x40 ./Libraries/STM32F0xx_StdPeriph_Driver/src/stm32f0xx_rcc.o
                0x080046d0                RCC_RTCCLKCmd
 .text.RCC_BackupResetCmd
                0x08004710       0x40 ./Libraries/STM32F0xx_StdPeriph_Driver/src/stm32f0xx_rcc.o
                0x08004710                RCC_BackupResetCmd
 .text.RCC_AHBPeriphClockCmd
                0x08004750       0x3c ./Libraries/STM32F0xx_StdPeriph_Driver/src/stm32f0xx_rcc.o
                0x08004750                RCC_AHBPeriphClockCmd
 .text.RCC_APB2PeriphClockCmd
                0x0800478c       0x3c ./Libraries/STM32F0xx_StdPeriph_Driver/src/stm32f0xx_rcc.o
                0x0800478c                RCC_APB2PeriphClockCmd
 .text.RCC_APB1PeriphClockCmd
                0x080047c8       0x3c ./Libraries/STM32F0xx_StdPeriph_Driver/src/stm32f0xx_rcc.o
                0x080047c8                RCC_APB1PeriphClockCmd
 .text.RCC_AHBPeriphResetCmd
                0x08004804       0x3c ./Libraries/STM32F0xx_StdPeriph_Driver/src/stm32f0xx_rcc.o
                0x08004804                RCC_AHBPeriphResetCmd
 .text.RCC_APB2PeriphResetCmd
                0x08004840       0x3c ./Libraries/STM32F0xx_StdPeriph_Driver/src/stm32f0xx_rcc.o
                0x08004840                RCC_APB2PeriphResetCmd
 .text.RCC_APB1PeriphResetCmd
                0x0800487c       0x3c ./Libraries/STM32F0xx_StdPeriph_Driver/src/stm32f0xx_rcc.o
                0x0800487c                RCC_APB1PeriphResetCmd
 .text.RCC_ITConfig
                0x080048b8       0x50 ./Libraries/STM32F0xx_StdPeriph_Driver/src/stm32f0xx_rcc.o
                0x080048b8                RCC_ITConfig
 .text.RCC_GetFlagStatus
                0x08004908       0x90 ./Libraries/STM32F0xx_StdPeriph_Driver/src/stm32f0xx_rcc.o
                0x08004908                RCC_GetFlagStatus
 .text.RCC_ClearFlag
                0x08004998       0x1c ./Libraries/STM32F0xx_StdPeriph_Driver/src/stm32f0xx_rcc.o
                0x08004998                RCC_ClearFlag
 .text.RCC_GetITStatus
                0x080049b4       0x44 ./Libraries/STM32F0xx_StdPeriph_Driver/src/stm32f0xx_rcc.o
                0x080049b4                RCC_GetITStatus
 .text.RCC_ClearITPendingBit
                0x080049f8       0x20 ./Libraries/STM32F0xx_StdPeriph_Driver/src/stm32f0xx_rcc.o
                0x080049f8                RCC_ClearITPendingBit
 .text.RTC_DeInit
                0x08004a18       0xa4 ./Libraries/STM32F0xx_StdPeriph_Driver/src/stm32f0xx_rtc.o
                0x08004a18                RTC_DeInit
 .text.RTC_Init
                0x08004abc       0x88 ./Libraries/STM32F0xx_StdPeriph_Driver/src/stm32f0xx_rtc.o
                0x08004abc                RTC_Init
 .text.RTC_StructInit
                0x08004b44       0x20 ./Libraries/STM32F0xx_StdPeriph_Driver/src/stm32f0xx_rtc.o
                0x08004b44                RTC_StructInit
 .text.RTC_WriteProtectionCmd
                0x08004b64       0x34 ./Libraries/STM32F0xx_StdPeriph_Driver/src/stm32f0xx_rtc.o
                0x08004b64                RTC_WriteProtectionCmd
 .text.RTC_EnterInitMode
                0x08004b98       0x80 ./Libraries/STM32F0xx_StdPeriph_Driver/src/stm32f0xx_rtc.o
                0x08004b98                RTC_EnterInitMode
 .text.RTC_ExitInitMode
                0x08004c18       0x18 ./Libraries/STM32F0xx_StdPeriph_Driver/src/stm32f0xx_rtc.o
                0x08004c18                RTC_ExitInitMode
 .text.RTC_WaitForSynchro
                0x08004c30       0x98 ./Libraries/STM32F0xx_StdPeriph_Driver/src/stm32f0xx_rtc.o
                0x08004c30                RTC_WaitForSynchro
 .text.RTC_RefClockCmd
                0x08004cc8       0x7c ./Libraries/STM32F0xx_StdPeriph_Driver/src/stm32f0xx_rtc.o
                0x08004cc8                RTC_RefClockCmd
 .text.RTC_BypassShadowCmd
                0x08004d44       0x4c ./Libraries/STM32F0xx_StdPeriph_Driver/src/stm32f0xx_rtc.o
                0x08004d44                RTC_BypassShadowCmd
 .text.RTC_SetTime
                0x08004d90      0x128 ./Libraries/STM32F0xx_StdPeriph_Driver/src/stm32f0xx_rtc.o
                0x08004d90                RTC_SetTime
 .text.RTC_TimeStructInit
                0x08004eb8       0x28 ./Libraries/STM32F0xx_StdPeriph_Driver/src/stm32f0xx_rtc.o
                0x08004eb8                RTC_TimeStructInit
 .text.RTC_GetTime
                0x08004ee0       0xa0 ./Libraries/STM32F0xx_StdPeriph_Driver/src/stm32f0xx_rtc.o
                0x08004ee0                RTC_GetTime
 .text.RTC_GetSubSecond
                0x08004f80       0x24 ./Libraries/STM32F0xx_StdPeriph_Driver/src/stm32f0xx_rtc.o
                0x08004f80                RTC_GetSubSecond
 .text.RTC_SetDate
                0x08004fa4      0x134 ./Libraries/STM32F0xx_StdPeriph_Driver/src/stm32f0xx_rtc.o
                0x08004fa4                RTC_SetDate
 .text.RTC_DateStructInit
                0x080050d8       0x28 ./Libraries/STM32F0xx_StdPeriph_Driver/src/stm32f0xx_rtc.o
                0x080050d8                RTC_DateStructInit
 .text.RTC_GetDate
                0x08005100       0xa8 ./Libraries/STM32F0xx_StdPeriph_Driver/src/stm32f0xx_rtc.o
                0x08005100                RTC_GetDate
 .text.RTC_SetAlarm
                0x080051a8      0x124 ./Libraries/STM32F0xx_StdPeriph_Driver/src/stm32f0xx_rtc.o
                0x080051a8                RTC_SetAlarm
 .text.RTC_AlarmStructInit
                0x080052cc       0x38 ./Libraries/STM32F0xx_StdPeriph_Driver/src/stm32f0xx_rtc.o
                0x080052cc                RTC_AlarmStructInit
 .text.RTC_GetAlarm
                0x08005304       0xd8 ./Libraries/STM32F0xx_StdPeriph_Driver/src/stm32f0xx_rtc.o
                0x08005304                RTC_GetAlarm
 .text.RTC_AlarmCmd
                0x080053dc       0xb0 ./Libraries/STM32F0xx_StdPeriph_Driver/src/stm32f0xx_rtc.o
                0x080053dc                RTC_AlarmCmd
 .text.RTC_AlarmSubSecondConfig
                0x0800548c       0x40 ./Libraries/STM32F0xx_StdPeriph_Driver/src/stm32f0xx_rtc.o
                0x0800548c                RTC_AlarmSubSecondConfig
 .text.RTC_GetAlarmSubSecond
                0x080054cc       0x24 ./Libraries/STM32F0xx_StdPeriph_Driver/src/stm32f0xx_rtc.o
                0x080054cc                RTC_GetAlarmSubSecond
 .text.RTC_DayLightSavingConfig
                0x080054f0       0x48 ./Libraries/STM32F0xx_StdPeriph_Driver/src/stm32f0xx_rtc.o
                0x080054f0                RTC_DayLightSavingConfig
 .text.RTC_GetStoreOperation
                0x08005538       0x18 ./Libraries/STM32F0xx_StdPeriph_Driver/src/stm32f0xx_rtc.o
                0x08005538                RTC_GetStoreOperation
 .text.RTC_OutputConfig
                0x08005550       0x48 ./Libraries/STM32F0xx_StdPeriph_Driver/src/stm32f0xx_rtc.o
                0x08005550                RTC_OutputConfig
 .text.RTC_CalibOutputCmd
                0x08005598       0x50 ./Libraries/STM32F0xx_StdPeriph_Driver/src/stm32f0xx_rtc.o
                0x08005598                RTC_CalibOutputCmd
 .text.RTC_CalibOutputConfig
                0x080055e8       0x40 ./Libraries/STM32F0xx_StdPeriph_Driver/src/stm32f0xx_rtc.o
                0x080055e8                RTC_CalibOutputConfig
 .text.RTC_SmoothCalibConfig
                0x08005628       0x94 ./Libraries/STM32F0xx_StdPeriph_Driver/src/stm32f0xx_rtc.o
                0x08005628                RTC_SmoothCalibConfig
 .text.RTC_TimeStampCmd
                0x080056bc       0x64 ./Libraries/STM32F0xx_StdPeriph_Driver/src/stm32f0xx_rtc.o
                0x080056bc                RTC_TimeStampCmd
 .text.RTC_GetTimeStamp
                0x08005720      0x120 ./Libraries/STM32F0xx_StdPeriph_Driver/src/stm32f0xx_rtc.o
                0x08005720                RTC_GetTimeStamp
 .text.RTC_GetTimeStampSubSecond
                0x08005840       0x14 ./Libraries/STM32F0xx_StdPeriph_Driver/src/stm32f0xx_rtc.o
                0x08005840                RTC_GetTimeStampSubSecond
 .text.RTC_TamperTriggerConfig
                0x08005854       0x3c ./Libraries/STM32F0xx_StdPeriph_Driver/src/stm32f0xx_rtc.o
                0x08005854                RTC_TamperTriggerConfig
 .text.RTC_TamperCmd
                0x08005890       0x3c ./Libraries/STM32F0xx_StdPeriph_Driver/src/stm32f0xx_rtc.o
                0x08005890                RTC_TamperCmd
 .text.RTC_TamperFilterConfig
                0x080058cc       0x30 ./Libraries/STM32F0xx_StdPeriph_Driver/src/stm32f0xx_rtc.o
                0x080058cc                RTC_TamperFilterConfig
 .text.RTC_TamperSamplingFreqConfig
                0x080058fc       0x30 ./Libraries/STM32F0xx_StdPeriph_Driver/src/stm32f0xx_rtc.o
                0x080058fc                RTC_TamperSamplingFreqConfig
 .text.RTC_TamperPinsPrechargeDuration
                0x0800592c       0x30 ./Libraries/STM32F0xx_StdPeriph_Driver/src/stm32f0xx_rtc.o
                0x0800592c                RTC_TamperPinsPrechargeDuration
 .text.RTC_TimeStampOnTamperDetectionCmd
                0x0800595c       0x38 ./Libraries/STM32F0xx_StdPeriph_Driver/src/stm32f0xx_rtc.o
                0x0800595c                RTC_TimeStampOnTamperDetectionCmd
 .text.RTC_TamperPullUpCmd
                0x08005994       0x40 ./Libraries/STM32F0xx_StdPeriph_Driver/src/stm32f0xx_rtc.o
                0x08005994                RTC_TamperPullUpCmd
 .text.RTC_WriteBackupRegister
                0x080059d4       0x2c ./Libraries/STM32F0xx_StdPeriph_Driver/src/stm32f0xx_rtc.o
                0x080059d4                RTC_WriteBackupRegister
 .text.RTC_ReadBackupRegister
                0x08005a00       0x2c ./Libraries/STM32F0xx_StdPeriph_Driver/src/stm32f0xx_rtc.o
                0x08005a00                RTC_ReadBackupRegister
 .text.RTC_OutputTypeConfig
                0x08005a2c       0x30 ./Libraries/STM32F0xx_StdPeriph_Driver/src/stm32f0xx_rtc.o
                0x08005a2c                RTC_OutputTypeConfig
 .text.RTC_SynchroShiftConfig
                0x08005a5c       0xb0 ./Libraries/STM32F0xx_StdPeriph_Driver/src/stm32f0xx_rtc.o
                0x08005a5c                RTC_SynchroShiftConfig
 .text.RTC_ITConfig
                0x08005b0c       0x78 ./Libraries/STM32F0xx_StdPeriph_Driver/src/stm32f0xx_rtc.o
                0x08005b0c                RTC_ITConfig
 .text.RTC_GetFlagStatus
                0x08005b84       0x50 ./Libraries/STM32F0xx_StdPeriph_Driver/src/stm32f0xx_rtc.o
                0x08005b84                RTC_GetFlagStatus
 .text.RTC_ClearFlag
                0x08005bd4       0x30 ./Libraries/STM32F0xx_StdPeriph_Driver/src/stm32f0xx_rtc.o
                0x08005bd4                RTC_ClearFlag
 .text.RTC_GetITStatus
                0x08005c04       0x80 ./Libraries/STM32F0xx_StdPeriph_Driver/src/stm32f0xx_rtc.o
                0x08005c04                RTC_GetITStatus
 .text.RTC_ClearITPendingBit
                0x08005c84       0x38 ./Libraries/STM32F0xx_StdPeriph_Driver/src/stm32f0xx_rtc.o
                0x08005c84                RTC_ClearITPendingBit
 .text.RTC_ByteToBcd2
                0x08005cbc       0x50 ./Libraries/STM32F0xx_StdPeriph_Driver/src/stm32f0xx_rtc.o
 .text.RTC_Bcd2ToByte
                0x08005d0c       0x48 ./Libraries/STM32F0xx_StdPeriph_Driver/src/stm32f0xx_rtc.o
 .text.SPI_I2S_DeInit
                0x08005d54       0x58 ./Libraries/STM32F0xx_StdPeriph_Driver/src/stm32f0xx_spi.o
                0x08005d54                SPI_I2S_DeInit
 .text.SPI_StructInit
                0x08005dac       0x48 ./Libraries/STM32F0xx_StdPeriph_Driver/src/stm32f0xx_spi.o
                0x08005dac                SPI_StructInit
 .text.SPI_Init
                0x08005df4      0x104 ./Libraries/STM32F0xx_StdPeriph_Driver/src/stm32f0xx_spi.o
                0x08005df4                SPI_Init
 .text.I2S_StructInit
                0x08005ef8       0x34 ./Libraries/STM32F0xx_StdPeriph_Driver/src/stm32f0xx_spi.o
                0x08005ef8                I2S_StructInit
 .text.I2S_Init
                0x08005f2c      0x1c0 ./Libraries/STM32F0xx_StdPeriph_Driver/src/stm32f0xx_spi.o
                0x08005f2c                I2S_Init
 .text.SPI_Cmd  0x080060ec       0x40 ./Libraries/STM32F0xx_StdPeriph_Driver/src/stm32f0xx_spi.o
                0x080060ec                SPI_Cmd
 .text.SPI_TIModeCmd
                0x0800612c       0x40 ./Libraries/STM32F0xx_StdPeriph_Driver/src/stm32f0xx_spi.o
                0x0800612c                SPI_TIModeCmd
 .text.I2S_Cmd  0x0800616c       0x44 ./Libraries/STM32F0xx_StdPeriph_Driver/src/stm32f0xx_spi.o
                0x0800616c                I2S_Cmd
 .text.SPI_DataSizeConfig
                0x080061b0       0x58 ./Libraries/STM32F0xx_StdPeriph_Driver/src/stm32f0xx_spi.o
                0x080061b0                SPI_DataSizeConfig
 .text.SPI_RxFIFOThresholdConfig
                0x08006208       0x3c ./Libraries/STM32F0xx_StdPeriph_Driver/src/stm32f0xx_spi.o
                0x08006208                SPI_RxFIFOThresholdConfig
 .text.SPI_BiDirectionalLineConfig
                0x08006244       0x48 ./Libraries/STM32F0xx_StdPeriph_Driver/src/stm32f0xx_spi.o
                0x08006244                SPI_BiDirectionalLineConfig
 .text.SPI_NSSInternalSoftwareConfig
                0x0800628c       0x4c ./Libraries/STM32F0xx_StdPeriph_Driver/src/stm32f0xx_spi.o
                0x0800628c                SPI_NSSInternalSoftwareConfig
 .text.SPI_SSOutputCmd
                0x080062d8       0x40 ./Libraries/STM32F0xx_StdPeriph_Driver/src/stm32f0xx_spi.o
                0x080062d8                SPI_SSOutputCmd
 .text.SPI_NSSPulseModeCmd
                0x08006318       0x40 ./Libraries/STM32F0xx_StdPeriph_Driver/src/stm32f0xx_spi.o
                0x08006318                SPI_NSSPulseModeCmd
 .text.SPI_SendData8
                0x08006358       0x2c ./Libraries/STM32F0xx_StdPeriph_Driver/src/stm32f0xx_spi.o
                0x08006358                SPI_SendData8
 .text.SPI_I2S_SendData16
                0x08006384       0x1c ./Libraries/STM32F0xx_StdPeriph_Driver/src/stm32f0xx_spi.o
                0x08006384                SPI_I2S_SendData16
 .text.SPI_ReceiveData8
                0x080063a0       0x24 ./Libraries/STM32F0xx_StdPeriph_Driver/src/stm32f0xx_spi.o
                0x080063a0                SPI_ReceiveData8
 .text.SPI_I2S_ReceiveData16
                0x080063c4       0x18 ./Libraries/STM32F0xx_StdPeriph_Driver/src/stm32f0xx_spi.o
                0x080063c4                SPI_I2S_ReceiveData16
 .text.SPI_CRCLengthConfig
                0x080063dc       0x3c ./Libraries/STM32F0xx_StdPeriph_Driver/src/stm32f0xx_spi.o
                0x080063dc                SPI_CRCLengthConfig
 .text.SPI_CalculateCRC
                0x08006418       0x44 ./Libraries/STM32F0xx_StdPeriph_Driver/src/stm32f0xx_spi.o
                0x08006418                SPI_CalculateCRC
 .text.SPI_TransmitCRC
                0x0800645c       0x20 ./Libraries/STM32F0xx_StdPeriph_Driver/src/stm32f0xx_spi.o
                0x0800645c                SPI_TransmitCRC
 .text.SPI_GetCRC
                0x0800647c       0x44 ./Libraries/STM32F0xx_StdPeriph_Driver/src/stm32f0xx_spi.o
                0x0800647c                SPI_GetCRC
 .text.SPI_GetCRCPolynomial
                0x080064c0       0x18 ./Libraries/STM32F0xx_StdPeriph_Driver/src/stm32f0xx_spi.o
                0x080064c0                SPI_GetCRCPolynomial
 .text.SPI_I2S_DMACmd
                0x080064d8       0x48 ./Libraries/STM32F0xx_StdPeriph_Driver/src/stm32f0xx_spi.o
                0x080064d8                SPI_I2S_DMACmd
 .text.SPI_LastDMATransferCmd
                0x08006520       0x3c ./Libraries/STM32F0xx_StdPeriph_Driver/src/stm32f0xx_spi.o
                0x08006520                SPI_LastDMATransferCmd
 .text.SPI_I2S_ITConfig
                0x0800655c       0x7c ./Libraries/STM32F0xx_StdPeriph_Driver/src/stm32f0xx_spi.o
                0x0800655c                SPI_I2S_ITConfig
 .text.SPI_GetTransmissionFIFOStatus
                0x080065d8       0x20 ./Libraries/STM32F0xx_StdPeriph_Driver/src/stm32f0xx_spi.o
                0x080065d8                SPI_GetTransmissionFIFOStatus
 .text.SPI_GetReceptionFIFOStatus
                0x080065f8       0x20 ./Libraries/STM32F0xx_StdPeriph_Driver/src/stm32f0xx_spi.o
                0x080065f8                SPI_GetReceptionFIFOStatus
 .text.SPI_I2S_GetFlagStatus
                0x08006618       0x48 ./Libraries/STM32F0xx_StdPeriph_Driver/src/stm32f0xx_spi.o
                0x08006618                SPI_I2S_GetFlagStatus
 .text.SPI_I2S_ClearFlag
                0x08006660       0x20 ./Libraries/STM32F0xx_StdPeriph_Driver/src/stm32f0xx_spi.o
                0x08006660                SPI_I2S_ClearFlag
 .text.SPI_I2S_GetITStatus
                0x08006680       0xb0 ./Libraries/STM32F0xx_StdPeriph_Driver/src/stm32f0xx_spi.o
                0x08006680                SPI_I2S_GetITStatus
 .text.SYSCFG_DeInit
                0x08006730       0x40 ./Libraries/STM32F0xx_StdPeriph_Driver/src/stm32f0xx_syscfg.o
                0x08006730                SYSCFG_DeInit
 .text.SYSCFG_MemoryRemapConfig
                0x08006770       0x34 ./Libraries/STM32F0xx_StdPeriph_Driver/src/stm32f0xx_syscfg.o
                0x08006770                SYSCFG_MemoryRemapConfig
 .text.SYSCFG_DMAChannelRemapConfig
                0x080067a4       0x3c ./Libraries/STM32F0xx_StdPeriph_Driver/src/stm32f0xx_syscfg.o
                0x080067a4                SYSCFG_DMAChannelRemapConfig
 .text.SYSCFG_I2CFastModePlusConfig
                0x080067e0       0x3c ./Libraries/STM32F0xx_StdPeriph_Driver/src/stm32f0xx_syscfg.o
                0x080067e0                SYSCFG_I2CFastModePlusConfig
 .text.SYSCFG_EXTILineConfig
                0x0800681c       0x90 ./Libraries/STM32F0xx_StdPeriph_Driver/src/stm32f0xx_syscfg.o
                0x0800681c                SYSCFG_EXTILineConfig
 .text.SYSCFG_BreakConfig
                0x080068ac       0x20 ./Libraries/STM32F0xx_StdPeriph_Driver/src/stm32f0xx_syscfg.o
                0x080068ac                SYSCFG_BreakConfig
 .text.SYSCFG_GetFlagStatus
                0x080068cc       0x40 ./Libraries/STM32F0xx_StdPeriph_Driver/src/stm32f0xx_syscfg.o
                0x080068cc                SYSCFG_GetFlagStatus
 .text.SYSCFG_ClearFlag
                0x0800690c       0x20 ./Libraries/STM32F0xx_StdPeriph_Driver/src/stm32f0xx_syscfg.o
                0x0800690c                SYSCFG_ClearFlag
 .text.TIM_DeInit
                0x0800692c      0x124 ./Libraries/STM32F0xx_StdPeriph_Driver/src/stm32f0xx_tim.o
                0x0800692c                TIM_DeInit
 .text.TIM_TimeBaseInit
                0x08006a50       0xf0 ./Libraries/STM32F0xx_StdPeriph_Driver/src/stm32f0xx_tim.o
                0x08006a50                TIM_TimeBaseInit
 .text.TIM_TimeBaseStructInit
                0x08006b40       0x30 ./Libraries/STM32F0xx_StdPeriph_Driver/src/stm32f0xx_tim.o
                0x08006b40                TIM_TimeBaseStructInit
 .text.TIM_PrescalerConfig
                0x08006b70       0x28 ./Libraries/STM32F0xx_StdPeriph_Driver/src/stm32f0xx_tim.o
                0x08006b70                TIM_PrescalerConfig
 .text.TIM_CounterModeConfig
                0x08006b98       0x54 ./Libraries/STM32F0xx_StdPeriph_Driver/src/stm32f0xx_tim.o
                0x08006b98                TIM_CounterModeConfig
 .text.TIM_SetCounter
                0x08006bec       0x18 ./Libraries/STM32F0xx_StdPeriph_Driver/src/stm32f0xx_tim.o
                0x08006bec                TIM_SetCounter
 .text.TIM_SetAutoreload
                0x08006c04       0x18 ./Libraries/STM32F0xx_StdPeriph_Driver/src/stm32f0xx_tim.o
                0x08006c04                TIM_SetAutoreload
 .text.TIM_GetCounter
                0x08006c1c       0x14 ./Libraries/STM32F0xx_StdPeriph_Driver/src/stm32f0xx_tim.o
                0x08006c1c                TIM_GetCounter
 .text.TIM_GetPrescaler
                0x08006c30       0x18 ./Libraries/STM32F0xx_StdPeriph_Driver/src/stm32f0xx_tim.o
                0x08006c30                TIM_GetPrescaler
 .text.TIM_UpdateDisableConfig
                0x08006c48       0x40 ./Libraries/STM32F0xx_StdPeriph_Driver/src/stm32f0xx_tim.o
                0x08006c48                TIM_UpdateDisableConfig
 .text.TIM_UpdateRequestConfig
                0x08006c88       0x40 ./Libraries/STM32F0xx_StdPeriph_Driver/src/stm32f0xx_tim.o
                0x08006c88                TIM_UpdateRequestConfig
 .text.TIM_ARRPreloadConfig
                0x08006cc8       0x40 ./Libraries/STM32F0xx_StdPeriph_Driver/src/stm32f0xx_tim.o
                0x08006cc8                TIM_ARRPreloadConfig
 .text.TIM_SelectOnePulseMode
                0x08006d08       0x38 ./Libraries/STM32F0xx_StdPeriph_Driver/src/stm32f0xx_tim.o
                0x08006d08                TIM_SelectOnePulseMode
 .text.TIM_SetClockDivision
                0x08006d40       0x3c ./Libraries/STM32F0xx_StdPeriph_Driver/src/stm32f0xx_tim.o
                0x08006d40                TIM_SetClockDivision
 .text.TIM_Cmd  0x08006d7c       0x40 ./Libraries/STM32F0xx_StdPeriph_Driver/src/stm32f0xx_tim.o
                0x08006d7c                TIM_Cmd
 .text.TIM_BDTRConfig
                0x08006dbc       0x4c ./Libraries/STM32F0xx_StdPeriph_Driver/src/stm32f0xx_tim.o
                0x08006dbc                TIM_BDTRConfig
 .text.TIM_BDTRStructInit
                0x08006e08       0x38 ./Libraries/STM32F0xx_StdPeriph_Driver/src/stm32f0xx_tim.o
                0x08006e08                TIM_BDTRStructInit
 .text.TIM_CtrlPWMOutputs
                0x08006e40       0x4c ./Libraries/STM32F0xx_StdPeriph_Driver/src/stm32f0xx_tim.o
                0x08006e40                TIM_CtrlPWMOutputs
 .text.TIM_OC1Init
                0x08006e8c      0x1a4 ./Libraries/STM32F0xx_StdPeriph_Driver/src/stm32f0xx_tim.o
                0x08006e8c                TIM_OC1Init
 .text.TIM_OC2Init
                0x08007030      0x1a4 ./Libraries/STM32F0xx_StdPeriph_Driver/src/stm32f0xx_tim.o
                0x08007030                TIM_OC2Init
 .text.TIM_OC3Init
                0x080071d4      0x1a8 ./Libraries/STM32F0xx_StdPeriph_Driver/src/stm32f0xx_tim.o
                0x080071d4                TIM_OC3Init
 .text.TIM_OC4Init
                0x0800737c      0x134 ./Libraries/STM32F0xx_StdPeriph_Driver/src/stm32f0xx_tim.o
                0x0800737c                TIM_OC4Init
 .text.TIM_OCStructInit
                0x080074b0       0x40 ./Libraries/STM32F0xx_StdPeriph_Driver/src/stm32f0xx_tim.o
                0x080074b0                TIM_OCStructInit
 .text.TIM_SelectOCxM
                0x080074f0       0xc0 ./Libraries/STM32F0xx_StdPeriph_Driver/src/stm32f0xx_tim.o
                0x080074f0                TIM_SelectOCxM
 .text.TIM_SetCompare1
                0x080075b0       0x18 ./Libraries/STM32F0xx_StdPeriph_Driver/src/stm32f0xx_tim.o
                0x080075b0                TIM_SetCompare1
 .text.TIM_SetCompare2
                0x080075c8       0x18 ./Libraries/STM32F0xx_StdPeriph_Driver/src/stm32f0xx_tim.o
                0x080075c8                TIM_SetCompare2
 .text.TIM_SetCompare3
                0x080075e0       0x18 ./Libraries/STM32F0xx_StdPeriph_Driver/src/stm32f0xx_tim.o
                0x080075e0                TIM_SetCompare3
 .text.TIM_SetCompare4
                0x080075f8       0x18 ./Libraries/STM32F0xx_StdPeriph_Driver/src/stm32f0xx_tim.o
                0x080075f8                TIM_SetCompare4
 .text.TIM_ForcedOC1Config
                0x08007610       0x54 ./Libraries/STM32F0xx_StdPeriph_Driver/src/stm32f0xx_tim.o
                0x08007610                TIM_ForcedOC1Config
 .text.TIM_ForcedOC2Config
                0x08007664       0x5c ./Libraries/STM32F0xx_StdPeriph_Driver/src/stm32f0xx_tim.o
                0x08007664                TIM_ForcedOC2Config
 .text.TIM_ForcedOC3Config
                0x080076c0       0x54 ./Libraries/STM32F0xx_StdPeriph_Driver/src/stm32f0xx_tim.o
                0x080076c0                TIM_ForcedOC3Config
 .text.TIM_ForcedOC4Config
                0x08007714       0x5c ./Libraries/STM32F0xx_StdPeriph_Driver/src/stm32f0xx_tim.o
                0x08007714                TIM_ForcedOC4Config
 .text.TIM_CCPreloadControl
                0x08007770       0x40 ./Libraries/STM32F0xx_StdPeriph_Driver/src/stm32f0xx_tim.o
                0x08007770                TIM_CCPreloadControl
 .text.TIM_OC1PreloadConfig
                0x080077b0       0x54 ./Libraries/STM32F0xx_StdPeriph_Driver/src/stm32f0xx_tim.o
                0x080077b0                TIM_OC1PreloadConfig
 .text.TIM_OC2PreloadConfig
                0x08007804       0x5c ./Libraries/STM32F0xx_StdPeriph_Driver/src/stm32f0xx_tim.o
                0x08007804                TIM_OC2PreloadConfig
 .text.TIM_OC3PreloadConfig
                0x08007860       0x54 ./Libraries/STM32F0xx_StdPeriph_Driver/src/stm32f0xx_tim.o
                0x08007860                TIM_OC3PreloadConfig
 .text.TIM_OC4PreloadConfig
                0x080078b4       0x5c ./Libraries/STM32F0xx_StdPeriph_Driver/src/stm32f0xx_tim.o
                0x080078b4                TIM_OC4PreloadConfig
 .text.TIM_OC1FastConfig
                0x08007910       0x54 ./Libraries/STM32F0xx_StdPeriph_Driver/src/stm32f0xx_tim.o
                0x08007910                TIM_OC1FastConfig
 .text.TIM_OC2FastConfig
                0x08007964       0x5c ./Libraries/STM32F0xx_StdPeriph_Driver/src/stm32f0xx_tim.o
                0x08007964                TIM_OC2FastConfig
 .text.TIM_OC3FastConfig
                0x080079c0       0x54 ./Libraries/STM32F0xx_StdPeriph_Driver/src/stm32f0xx_tim.o
                0x080079c0                TIM_OC3FastConfig
 .text.TIM_OC4FastConfig
                0x08007a14       0x5c ./Libraries/STM32F0xx_StdPeriph_Driver/src/stm32f0xx_tim.o
                0x08007a14                TIM_OC4FastConfig
 .text.TIM_ClearOC1Ref
                0x08007a70       0x54 ./Libraries/STM32F0xx_StdPeriph_Driver/src/stm32f0xx_tim.o
                0x08007a70                TIM_ClearOC1Ref
 .text.TIM_ClearOC2Ref
                0x08007ac4       0x58 ./Libraries/STM32F0xx_StdPeriph_Driver/src/stm32f0xx_tim.o
                0x08007ac4                TIM_ClearOC2Ref
 .text.TIM_ClearOC3Ref
                0x08007b1c       0x54 ./Libraries/STM32F0xx_StdPeriph_Driver/src/stm32f0xx_tim.o
                0x08007b1c                TIM_ClearOC3Ref
 .text.TIM_ClearOC4Ref
                0x08007b70       0x58 ./Libraries/STM32F0xx_StdPeriph_Driver/src/stm32f0xx_tim.o
                0x08007b70                TIM_ClearOC4Ref
 .text.TIM_OC1PolarityConfig
                0x08007bc8       0x54 ./Libraries/STM32F0xx_StdPeriph_Driver/src/stm32f0xx_tim.o
                0x08007bc8                TIM_OC1PolarityConfig
 .text.TIM_OC1NPolarityConfig
                0x08007c1c       0x54 ./Libraries/STM32F0xx_StdPeriph_Driver/src/stm32f0xx_tim.o
                0x08007c1c                TIM_OC1NPolarityConfig
 .text.TIM_OC2PolarityConfig
                0x08007c70       0x58 ./Libraries/STM32F0xx_StdPeriph_Driver/src/stm32f0xx_tim.o
                0x08007c70                TIM_OC2PolarityConfig
 .text.TIM_OC2NPolarityConfig
                0x08007cc8       0x58 ./Libraries/STM32F0xx_StdPeriph_Driver/src/stm32f0xx_tim.o
                0x08007cc8                TIM_OC2NPolarityConfig
 .text.TIM_OC3PolarityConfig
                0x08007d20       0x5c ./Libraries/STM32F0xx_StdPeriph_Driver/src/stm32f0xx_tim.o
                0x08007d20                TIM_OC3PolarityConfig
 .text.TIM_OC3NPolarityConfig
                0x08007d7c       0x5c ./Libraries/STM32F0xx_StdPeriph_Driver/src/stm32f0xx_tim.o
                0x08007d7c                TIM_OC3NPolarityConfig
 .text.TIM_OC4PolarityConfig
                0x08007dd8       0x5c ./Libraries/STM32F0xx_StdPeriph_Driver/src/stm32f0xx_tim.o
                0x08007dd8                TIM_OC4PolarityConfig
 .text.TIM_SelectOCREFClear
                0x08007e34       0x38 ./Libraries/STM32F0xx_StdPeriph_Driver/src/stm32f0xx_tim.o
                0x08007e34                TIM_SelectOCREFClear
 .text.TIM_CCxCmd
                0x08007e6c       0x64 ./Libraries/STM32F0xx_StdPeriph_Driver/src/stm32f0xx_tim.o
                0x08007e6c                TIM_CCxCmd
 .text.TIM_CCxNCmd
                0x08007ed0       0x64 ./Libraries/STM32F0xx_StdPeriph_Driver/src/stm32f0xx_tim.o
                0x08007ed0                TIM_CCxNCmd
 .text.TIM_SelectCOM
                0x08007f34       0x40 ./Libraries/STM32F0xx_StdPeriph_Driver/src/stm32f0xx_tim.o
                0x08007f34                TIM_SelectCOM
 .text.TIM_ICInit
                0x08007f74       0xb0 ./Libraries/STM32F0xx_StdPeriph_Driver/src/stm32f0xx_tim.o
                0x08007f74                TIM_ICInit
 .text.TIM_ICStructInit
                0x08008024       0x2c ./Libraries/STM32F0xx_StdPeriph_Driver/src/stm32f0xx_tim.o
                0x08008024                TIM_ICStructInit
 .text.TIM_PWMIConfig
                0x08008050       0xe8 ./Libraries/STM32F0xx_StdPeriph_Driver/src/stm32f0xx_tim.o
                0x08008050                TIM_PWMIConfig
 .text.TIM_GetCapture1
                0x08008138       0x14 ./Libraries/STM32F0xx_StdPeriph_Driver/src/stm32f0xx_tim.o
                0x08008138                TIM_GetCapture1
 .text.TIM_GetCapture2
                0x0800814c       0x14 ./Libraries/STM32F0xx_StdPeriph_Driver/src/stm32f0xx_tim.o
                0x0800814c                TIM_GetCapture2
 .text.TIM_GetCapture3
                0x08008160       0x14 ./Libraries/STM32F0xx_StdPeriph_Driver/src/stm32f0xx_tim.o
                0x08008160                TIM_GetCapture3
 .text.TIM_GetCapture4
                0x08008174       0x14 ./Libraries/STM32F0xx_StdPeriph_Driver/src/stm32f0xx_tim.o
                0x08008174                TIM_GetCapture4
 .text.TIM_SetIC1Prescaler
                0x08008188       0x38 ./Libraries/STM32F0xx_StdPeriph_Driver/src/stm32f0xx_tim.o
                0x08008188                TIM_SetIC1Prescaler
 .text.TIM_SetIC2Prescaler
                0x080081c0       0x40 ./Libraries/STM32F0xx_StdPeriph_Driver/src/stm32f0xx_tim.o
                0x080081c0                TIM_SetIC2Prescaler
 .text.TIM_SetIC3Prescaler
                0x08008200       0x38 ./Libraries/STM32F0xx_StdPeriph_Driver/src/stm32f0xx_tim.o
                0x08008200                TIM_SetIC3Prescaler
 .text.TIM_SetIC4Prescaler
                0x08008238       0x40 ./Libraries/STM32F0xx_StdPeriph_Driver/src/stm32f0xx_tim.o
                0x08008238                TIM_SetIC4Prescaler
 .text.TIM_ITConfig
                0x08008278       0x48 ./Libraries/STM32F0xx_StdPeriph_Driver/src/stm32f0xx_tim.o
                0x08008278                TIM_ITConfig
 .text.TIM_GenerateEvent
                0x080082c0       0x1c ./Libraries/STM32F0xx_StdPeriph_Driver/src/stm32f0xx_tim.o
                0x080082c0                TIM_GenerateEvent
 .text.TIM_GetFlagStatus
                0x080082dc       0x48 ./Libraries/STM32F0xx_StdPeriph_Driver/src/stm32f0xx_tim.o
                0x080082dc                TIM_GetFlagStatus
 .text.TIM_ClearFlag
                0x08008324       0x20 ./Libraries/STM32F0xx_StdPeriph_Driver/src/stm32f0xx_tim.o
                0x08008324                TIM_ClearFlag
 .text.TIM_GetITStatus
                0x08008344       0x80 ./Libraries/STM32F0xx_StdPeriph_Driver/src/stm32f0xx_tim.o
                0x08008344                TIM_GetITStatus
 .text.TIM_ClearITPendingBit
                0x080083c4       0x20 ./Libraries/STM32F0xx_StdPeriph_Driver/src/stm32f0xx_tim.o
                0x080083c4                TIM_ClearITPendingBit
 .text.TIM_DMAConfig
                0x080083e4       0x28 ./Libraries/STM32F0xx_StdPeriph_Driver/src/stm32f0xx_tim.o
                0x080083e4                TIM_DMAConfig
 .text.TIM_DMACmd
                0x0800840c       0x48 ./Libraries/STM32F0xx_StdPeriph_Driver/src/stm32f0xx_tim.o
                0x0800840c                TIM_DMACmd
 .text.TIM_SelectCCDMA
                0x08008454       0x40 ./Libraries/STM32F0xx_StdPeriph_Driver/src/stm32f0xx_tim.o
                0x08008454                TIM_SelectCCDMA
 .text.TIM_InternalClockConfig
                0x08008494       0x20 ./Libraries/STM32F0xx_StdPeriph_Driver/src/stm32f0xx_tim.o
                0x08008494                TIM_InternalClockConfig
 .text.TIM_ITRxExternalClockConfig
                0x080084b4       0x34 ./Libraries/STM32F0xx_StdPeriph_Driver/src/stm32f0xx_tim.o
                0x080084b4                TIM_ITRxExternalClockConfig
 .text.TIM_TIxExternalClockConfig
                0x080084e8       0x7c ./Libraries/STM32F0xx_StdPeriph_Driver/src/stm32f0xx_tim.o
                0x080084e8                TIM_TIxExternalClockConfig
 .text.TIM_ETRClockMode1Config
                0x08008564       0x98 ./Libraries/STM32F0xx_StdPeriph_Driver/src/stm32f0xx_tim.o
                0x08008564                TIM_ETRClockMode1Config
 .text.TIM_ETRClockMode2Config
                0x080085fc       0x4c ./Libraries/STM32F0xx_StdPeriph_Driver/src/stm32f0xx_tim.o
                0x080085fc                TIM_ETRClockMode2Config
 .text.TIM_SelectInputTrigger
                0x08008648       0x54 ./Libraries/STM32F0xx_StdPeriph_Driver/src/stm32f0xx_tim.o
                0x08008648                TIM_SelectInputTrigger
 .text.TIM_SelectOutputTrigger
                0x0800869c       0x38 ./Libraries/STM32F0xx_StdPeriph_Driver/src/stm32f0xx_tim.o
                0x0800869c                TIM_SelectOutputTrigger
 .text.TIM_SelectSlaveMode
                0x080086d4       0x38 ./Libraries/STM32F0xx_StdPeriph_Driver/src/stm32f0xx_tim.o
                0x080086d4                TIM_SelectSlaveMode
 .text.TIM_SelectMasterSlaveMode
                0x0800870c       0x38 ./Libraries/STM32F0xx_StdPeriph_Driver/src/stm32f0xx_tim.o
                0x0800870c                TIM_SelectMasterSlaveMode
 .text.TIM_ETRConfig
                0x08008744       0x7c ./Libraries/STM32F0xx_StdPeriph_Driver/src/stm32f0xx_tim.o
                0x08008744                TIM_ETRConfig
 .text.TIM_EncoderInterfaceConfig
                0x080087c0       0xf4 ./Libraries/STM32F0xx_StdPeriph_Driver/src/stm32f0xx_tim.o
                0x080087c0                TIM_EncoderInterfaceConfig
 .text.TIM_SelectHallSensor
                0x080088b4       0x40 ./Libraries/STM32F0xx_StdPeriph_Driver/src/stm32f0xx_tim.o
                0x080088b4                TIM_SelectHallSensor
 .text.TIM_RemapConfig
                0x080088f4       0x20 ./Libraries/STM32F0xx_StdPeriph_Driver/src/stm32f0xx_tim.o
                0x080088f4                TIM_RemapConfig
 .text.TI1_Config
                0x08008914       0xc8 ./Libraries/STM32F0xx_StdPeriph_Driver/src/stm32f0xx_tim.o
 .text.TI2_Config
                0x080089dc       0xf0 ./Libraries/STM32F0xx_StdPeriph_Driver/src/stm32f0xx_tim.o
 .text.TI3_Config
                0x08008acc       0xe8 ./Libraries/STM32F0xx_StdPeriph_Driver/src/stm32f0xx_tim.o
 .text.TI4_Config
                0x08008bb4       0xf8 ./Libraries/STM32F0xx_StdPeriph_Driver/src/stm32f0xx_tim.o
 .text.USART_DeInit
                0x08008cac       0x58 ./Libraries/STM32F0xx_StdPeriph_Driver/src/stm32f0xx_usart.o
                0x08008cac                USART_DeInit
 .text.USART_Init
                0x08008d04      0x160 ./Libraries/STM32F0xx_StdPeriph_Driver/src/stm32f0xx_usart.o
                0x08008d04                USART_Init
 .text.USART_StructInit
                0x08008e64       0x34 ./Libraries/STM32F0xx_StdPeriph_Driver/src/stm32f0xx_usart.o
                0x08008e64                USART_StructInit
 .text.USART_ClockInit
                0x08008e98       0x48 ./Libraries/STM32F0xx_StdPeriph_Driver/src/stm32f0xx_usart.o
                0x08008e98                USART_ClockInit
 .text.USART_ClockStructInit
                0x08008ee0       0x28 ./Libraries/STM32F0xx_StdPeriph_Driver/src/stm32f0xx_usart.o
                0x08008ee0                USART_ClockStructInit
 .text.USART_Cmd
                0x08008f08       0x3c ./Libraries/STM32F0xx_StdPeriph_Driver/src/stm32f0xx_usart.o
                0x08008f08                USART_Cmd
 .text.USART_DirectionModeCmd
                0x08008f44       0x38 ./Libraries/STM32F0xx_StdPeriph_Driver/src/stm32f0xx_usart.o
                0x08008f44                USART_DirectionModeCmd
 .text.USART_OverSampling8Cmd
                0x08008f7c       0x3c ./Libraries/STM32F0xx_StdPeriph_Driver/src/stm32f0xx_usart.o
                0x08008f7c                USART_OverSampling8Cmd
 .text.USART_OneBitMethodCmd
                0x08008fb8       0x3c ./Libraries/STM32F0xx_StdPeriph_Driver/src/stm32f0xx_usart.o
                0x08008fb8                USART_OneBitMethodCmd
 .text.USART_MSBFirstCmd
                0x08008ff4       0x3c ./Libraries/STM32F0xx_StdPeriph_Driver/src/stm32f0xx_usart.o
                0x08008ff4                USART_MSBFirstCmd
 .text.USART_DataInvCmd
                0x08009030       0x3c ./Libraries/STM32F0xx_StdPeriph_Driver/src/stm32f0xx_usart.o
                0x08009030                USART_DataInvCmd
 .text.USART_InvPinCmd
                0x0800906c       0x38 ./Libraries/STM32F0xx_StdPeriph_Driver/src/stm32f0xx_usart.o
                0x0800906c                USART_InvPinCmd
 .text.USART_SWAPPinCmd
                0x080090a4       0x3c ./Libraries/STM32F0xx_StdPeriph_Driver/src/stm32f0xx_usart.o
                0x080090a4                USART_SWAPPinCmd
 .text.USART_ReceiverTimeOutCmd
                0x080090e0       0x3c ./Libraries/STM32F0xx_StdPeriph_Driver/src/stm32f0xx_usart.o
                0x080090e0                USART_ReceiverTimeOutCmd
 .text.USART_SetReceiverTimeOut
                0x0800911c       0x28 ./Libraries/STM32F0xx_StdPeriph_Driver/src/stm32f0xx_usart.o
                0x0800911c                USART_SetReceiverTimeOut
 .text.USART_SetPrescaler
                0x08009144       0x38 ./Libraries/STM32F0xx_StdPeriph_Driver/src/stm32f0xx_usart.o
                0x08009144                USART_SetPrescaler
 .text.USART_STOPModeCmd
                0x0800917c       0x3c ./Libraries/STM32F0xx_StdPeriph_Driver/src/stm32f0xx_usart.o
                0x0800917c                USART_STOPModeCmd
 .text.USART_StopModeWakeUpSourceConfig
                0x080091b8       0x2c ./Libraries/STM32F0xx_StdPeriph_Driver/src/stm32f0xx_usart.o
                0x080091b8                USART_StopModeWakeUpSourceConfig
 .text.USART_AutoBaudRateCmd
                0x080091e4       0x3c ./Libraries/STM32F0xx_StdPeriph_Driver/src/stm32f0xx_usart.o
                0x080091e4                USART_AutoBaudRateCmd
 .text.USART_AutoBaudRateConfig
                0x08009220       0x2c ./Libraries/STM32F0xx_StdPeriph_Driver/src/stm32f0xx_usart.o
                0x08009220                USART_AutoBaudRateConfig
 .text.USART_SendData
                0x0800924c       0x24 ./Libraries/STM32F0xx_StdPeriph_Driver/src/stm32f0xx_usart.o
                0x0800924c                USART_SendData
 .text.USART_ReceiveData
                0x08009270       0x1c ./Libraries/STM32F0xx_StdPeriph_Driver/src/stm32f0xx_usart.o
                0x08009270                USART_ReceiveData
 .text.USART_SetAddress
                0x0800928c       0x30 ./Libraries/STM32F0xx_StdPeriph_Driver/src/stm32f0xx_usart.o
                0x0800928c                USART_SetAddress
 .text.USART_MuteModeCmd
                0x080092bc       0x3c ./Libraries/STM32F0xx_StdPeriph_Driver/src/stm32f0xx_usart.o
                0x080092bc                USART_MuteModeCmd
 .text.USART_MuteModeWakeUpConfig
                0x080092f8       0x2c ./Libraries/STM32F0xx_StdPeriph_Driver/src/stm32f0xx_usart.o
                0x080092f8                USART_MuteModeWakeUpConfig
 .text.USART_AddressDetectionConfig
                0x08009324       0x2c ./Libraries/STM32F0xx_StdPeriph_Driver/src/stm32f0xx_usart.o
                0x08009324                USART_AddressDetectionConfig
 .text.USART_LINBreakDetectLengthConfig